Component: Arm Compiler for Embedded 6.19 Tool: armlink [5e73cb00]

==============================================================================

Section Cross References

    startup_stm32f103xb.o(STACK) refers (Special) to heapauxi.o(.text) for __use_two_region_memory
    startup_stm32f103xb.o(HEAP) refers (Special) to heapauxi.o(.text) for __use_two_region_memory
    startup_stm32f103xb.o(RESET) refers (Special) to heapauxi.o(.text) for __use_two_region_memory
    startup_stm32f103xb.o(RESET) refers to startup_stm32f103xb.o(STACK) for __initial_sp
    startup_stm32f103xb.o(RESET) refers to startup_stm32f103xb.o(.text) for Reset_Handler
    startup_stm32f103xb.o(RESET) refers to stm32f1xx_it.o(.text.NMI_Handler) for NMI_Handler
    startup_stm32f103xb.o(RESET) refers to stm32f1xx_it.o(.text.HardFault_Handler) for HardFault_Handler
    startup_stm32f103xb.o(RESET) refers to stm32f1xx_it.o(.text.MemManage_Handler) for MemManage_Handler
    startup_stm32f103xb.o(RESET) refers to stm32f1xx_it.o(.text.BusFault_Handler) for BusFault_Handler
    startup_stm32f103xb.o(RESET) refers to stm32f1xx_it.o(.text.UsageFault_Handler) for UsageFault_Handler
    startup_stm32f103xb.o(RESET) refers to stm32f1xx_it.o(.text.SVC_Handler) for SVC_Handler
    startup_stm32f103xb.o(RESET) refers to stm32f1xx_it.o(.text.DebugMon_Handler) for DebugMon_Handler
    startup_stm32f103xb.o(RESET) refers to stm32f1xx_it.o(.text.PendSV_Handler) for PendSV_Handler
    startup_stm32f103xb.o(RESET) refers to stm32f1xx_it.o(.text.SysTick_Handler) for SysTick_Handler
    startup_stm32f103xb.o(RESET) refers to stm32f1xx_it.o(.text.EXTI4_IRQHandler) for EXTI4_IRQHandler
    startup_stm32f103xb.o(.text) refers (Special) to heapauxi.o(.text) for __use_two_region_memory
    startup_stm32f103xb.o(.text) refers to system_stm32f1xx.o(.text.SystemInit) for SystemInit
    startup_stm32f103xb.o(.text) refers to __main.o(!!!main) for __main
    startup_stm32f103xb.o(.text) refers to startup_stm32f103xb.o(HEAP) for Heap_Mem
    startup_stm32f103xb.o(.text) refers to startup_stm32f103xb.o(STACK) for Stack_Mem
    button.o(.ARM.exidx.text.BUTTON_Init) refers to button.o(.text.BUTTON_Init) for [Anonymous Symbol]
    button.o(.text.BUTTON_Read) refers to stm32f1xx_hal_gpio.o(.text.HAL_GPIO_ReadPin) for HAL_GPIO_ReadPin
    button.o(.text.BUTTON_Read) refers to stm32f1xx_hal.o(.text.HAL_Delay) for HAL_Delay
    button.o(.ARM.exidx.text.BUTTON_Read) refers to button.o(.text.BUTTON_Read) for [Anonymous Symbol]
    tag_display.o(.text) refers (Special) to _printf_percent.o(.ARM.Collect$$_printf_percent$$00000000) for _printf_percent
    tag_display.o(.text) refers (Special) to _printf_u.o(.ARM.Collect$$_printf_percent$$0000000A) for _printf_u
    tag_display.o(.text) refers (Special) to _printf_dec.o(.text) for _printf_int_dec
    tag_display.o(.text.Tag_Discount_Defination) refers (Special) to _printf_percent.o(.ARM.Collect$$_printf_percent$$00000000) for _printf_percent
    tag_display.o(.text.Tag_Discount_Defination) refers (Special) to _printf_u.o(.ARM.Collect$$_printf_percent$$0000000A) for _printf_u
    tag_display.o(.text.Tag_Discount_Defination) refers (Special) to _printf_dec.o(.text) for _printf_int_dec
    tag_display.o(.text.Tag_Discount_Defination) refers to tagid.o(.text.Tag_Convert_Item) for Tag_Convert_Item
    tag_display.o(.ARM.exidx.text.Tag_Discount_Defination) refers (Special) to _printf_percent.o(.ARM.Collect$$_printf_percent$$00000000) for _printf_percent
    tag_display.o(.ARM.exidx.text.Tag_Discount_Defination) refers (Special) to _printf_u.o(.ARM.Collect$$_printf_percent$$0000000A) for _printf_u
    tag_display.o(.ARM.exidx.text.Tag_Discount_Defination) refers (Special) to _printf_dec.o(.text) for _printf_int_dec
    tag_display.o(.ARM.exidx.text.Tag_Discount_Defination) refers to tag_display.o(.text.Tag_Discount_Defination) for [Anonymous Symbol]
    tag_display.o(.text.Tag_Display_Init) refers (Special) to _printf_percent.o(.ARM.Collect$$_printf_percent$$00000000) for _printf_percent
    tag_display.o(.text.Tag_Display_Init) refers (Special) to _printf_u.o(.ARM.Collect$$_printf_percent$$0000000A) for _printf_u
    tag_display.o(.text.Tag_Display_Init) refers (Special) to _printf_dec.o(.text) for _printf_int_dec
    tag_display.o(.text.Tag_Display_Init) refers to tag_display.o(.bss..L_MergedGlobals) for .L_MergedGlobals
    tag_display.o(.text.Tag_Display_Init) refers to clcd_i2c.o(.text.CLCD_I2C_Init) for CLCD_I2C_Init
    tag_display.o(.ARM.exidx.text.Tag_Display_Init) refers (Special) to _printf_percent.o(.ARM.Collect$$_printf_percent$$00000000) for _printf_percent
    tag_display.o(.ARM.exidx.text.Tag_Display_Init) refers (Special) to _printf_u.o(.ARM.Collect$$_printf_percent$$0000000A) for _printf_u
    tag_display.o(.ARM.exidx.text.Tag_Display_Init) refers (Special) to _printf_dec.o(.text) for _printf_int_dec
    tag_display.o(.ARM.exidx.text.Tag_Display_Init) refers to tag_display.o(.text.Tag_Display_Init) for [Anonymous Symbol]
[...]
    Removing stm32f1xx_hal_uart.o(.ARM.exidx.text.HAL_UART_RxCpltCallback), (8 bytes).
    Removing stm32f1xx_hal_uart.o(.text.HAL_UART_RxHalfCpltCallback), (2 bytes).
    Removing stm32f1xx_hal_uart.o(.ARM.exidx.text.HAL_UART_RxHalfCpltCallback), (8 bytes).
    Removing stm32f1xx_hal_uart.o(.text.HAL_LIN_SendBreak), (114 bytes).
    Removing stm32f1xx_hal_uart.o(.ARM.exidx.text.HAL_LIN_SendBreak), (8 bytes).
    Removing stm32f1xx_hal_uart.o(.text.HAL_MultiProcessor_EnterMuteMode), (116 bytes).
    Removing stm32f1xx_hal_uart.o(.ARM.exidx.text.HAL_MultiProcessor_EnterMuteMode), (8 bytes).
    Removing stm32f1xx_hal_uart.o(.text.HAL_MultiProcessor_ExitMuteMode), (116 bytes).
    Removing stm32f1xx_hal_uart.o(.ARM.exidx.text.HAL_MultiProcessor_ExitMuteMode), (8 bytes).
    Removing stm32f1xx_hal_uart.o(.text.HAL_HalfDuplex_EnableTransmitter), (44 bytes).
    Removing stm32f1xx_hal_uart.o(.ARM.exidx.text.HAL_HalfDuplex_EnableTransmitter), (8 bytes).
    Removing stm32f1xx_hal_uart.o(.text.HAL_HalfDuplex_EnableReceiver), (46 bytes).
    Removing stm32f1xx_hal_uart.o(.ARM.exidx.text.HAL_HalfDuplex_EnableReceiver), (8 bytes).
    Removing stm32f1xx_hal_uart.o(.text.HAL_UART_GetState), (14 bytes).
    Removing stm32f1xx_hal_uart.o(.ARM.exidx.text.HAL_UART_GetState), (8 bytes).
    Removing stm32f1xx_hal_uart.o(.text.HAL_UART_GetError), (4 bytes).
    Removing stm32f1xx_hal_uart.o(.ARM.exidx.text.HAL_UART_GetError), (8 bytes).
    Removing stm32f1xx_hal_uart.o(.text.UART_DMAReceiveCplt), (350 bytes).
    Removing stm32f1xx_hal_uart.o(.ARM.exidx.text.UART_DMAReceiveCplt), (8 bytes).
    Removing stm32f1xx_hal_uart.o(.text.UART_DMARxHalfCplt), (24 bytes).
    Removing stm32f1xx_hal_uart.o(.ARM.exidx.text.UART_DMARxHalfCplt), (8 bytes).
    Removing system_stm32f1xx.o(.text), (0 bytes).
    Removing system_stm32f1xx.o(.ARM.exidx.text.SystemInit), (8 bytes).
    Removing system_stm32f1xx.o(.text.SystemCoreClockUpdate), (112 bytes).
    Removing system_stm32f1xx.o(.ARM.exidx.text.SystemCoreClockUpdate), (8 bytes).
    Removing cli_command_table.o(.text), (0 bytes).
    Removing cli_command_table.o(.rodata.str1.1), (78 bytes).
    Removing cli_command_table.o(.data.command_infor_getrevenue), (8 bytes).
    Removing cli_command_table.o(.data.command_infor_additem), (8 bytes).
    Removing cli_command_table.o(.rodata.table), (24 bytes).
    Removing cli_type.o(.text), (0 bytes).
    Removing command_cli.o(.text), (0 bytes).
    Removing command_cli.o(.text.Command_Init), (12 bytes).
    Removing command_cli.o(.ARM.exidx.text.Command_Init), (8 bytes).
    Removing command_cli.o(.text.uart_print), (64 bytes).
    Removing command_cli.o(.ARM.exidx.text.uart_print), (8 bytes).
    Removing command_cli.o(.text.get_command), (102 bytes).
    Removing command_cli.o(.ARM.exidx.text.get_command), (8 bytes).
    Removing command_cli.o(.text.find_command_entry), (52 bytes).
    Removing command_cli.o(.ARM.exidx.text.find_command_entry), (8 bytes).
    Removing command_cli.o(.text.command_excutive), (92 bytes).
    Removing command_cli.o(.ARM.exidx.text.command_excutive), (8 bytes).
    Removing command_cli.o(.bss.uart_command), (4 bytes).
    Removing command_cli.o(.rodata.str1.1), (2 bytes).
    Removing uart_cli.o(.text), (0 bytes).
    Removing uart_cli.o(.text.uart_init), (14 bytes).
    Removing uart_cli.o(.ARM.exidx.text.uart_init), (8 bytes).
    Removing uart_cli.o(.text.recieve_data), (42 bytes).
    Removing uart_cli.o(.ARM.exidx.text.recieve_data), (8 bytes).
    Removing uart_cli.o(.text.handle_data), (44 bytes).
    Removing uart_cli.o(.ARM.exidx.text.handle_data), (8 bytes).
    Removing uart_cli.o(.bss.uart_cli), (4 bytes).
    Removing uart_cli.o(.bss..L_MergedGlobals), (22 bytes).
    Removing cli_implement_command.o(.text), (0 bytes).
    Removing cli_implement_command.o(.text.get_revenue), (2 bytes).
    Removing cli_implement_command.o(.ARM.exidx.text.get_revenue), (8 bytes).
    Removing cli_implement_command.o(.text.add_new_item), (2 bytes).
    Removing cli_implement_command.o(.ARM.exidx.text.add_new_item), (8 bytes).
    Removing item_table.o(.text), (0 bytes).
    Removing item_table.o(.data.quantity_item_of_table), (1 bytes).
    Removing item_table.o(.rodata.str1.1), (29 bytes).
    Removing item_table.o(.data.item_table), (48 bytes).

747 unused section(s) (total 46573 bytes) removed from the image.

==============================================================================

Image Symbol Table

    Local Symbols

    Symbol Name                              Value     Ov Type        Size  Object(Section)

    ../clib/angel/boardlib.s                 0x00000000   Number         0  boardinit1.o ABSOLUTE
    ../clib/angel/boardlib.s                 0x00000000   Number         0  boardinit2.o ABSOLUTE
    ../clib/angel/boardlib.s                 0x00000000   Number         0  boardinit3.o ABSOLUTE
    ../clib/angel/boardlib.s                 0x00000000   Number         0  boardshut.o ABSOLUTE
    ../clib/angel/handlers.s                 0x00000000   Number         0  __scatter_copy.o ABSOLUTE
    ../clib/angel/handlers.s                 0x00000000   Number         0  __scatter_zi.o ABSOLUTE
    ../clib/angel/kernel.s                   0x00000000   Number         0  __rtentry.o ABSOLUTE
    ../clib/angel/kernel.s                   0x00000000   Number         0  __rtentry2.o ABSOLUTE
    ../clib/angel/kernel.s                   0x00000000   Number         0  __rtentry4.o ABSOLUTE
    ../clib/angel/kernel.s                   0x00000000   Number         0  rtexit.o ABSOLUTE
    ../clib/angel/kernel.s                   0x00000000   Number         0  rtexit2.o ABSOLUTE
    ../clib/angel/rt.s                       0x00000000   Number         0  rt_ctype_table.o ABSOLUTE
    ../clib/angel/rt.s                       0x00000000   Number         0  rt_locale.o ABSOLUTE
    ../clib/angel/rt.s                       0x00000000   Number         0  rt_locale_intlibspace.o ABSOLUTE
    ../clib/angel/rt.s                       0x00000000   Number         0  rt_raise.o ABSOLUTE
    ../clib/angel/scatter.s                  0x00000000   Number         0  __scatter.o ABSOLUTE
    ../clib/angel/startup.s                  0x00000000   Number         0  __main.o ABSOLUTE
    ../clib/angel/sys.s                      0x00000000   Number         0  sys_stackheap_outer.o ABSOLUTE
    ../clib/angel/sys.s                      0x00000000   Number         0  libspace.o ABSOLUTE
    ../clib/angel/sys.s                      0x00000000   Number         0  use_no_semi.o ABSOLUTE
    ../clib/angel/sys.s                      0x00000000   Number         0  indicate_semi.o ABSOLUTE
    ../clib/angel/sysapp.c                   0x00000000   Number         0  sys_exit.o ABSOLUTE
    ../clib/angel/sysapp.c                   0x00000000   Number         0  sys_exit_hlt.o ABSOLUTE
    ../clib/angel/sysapp.c                   0x00000000   Number         0  sys_command.o ABSOLUTE
    ../clib/angel/sysapp.c                   0x00000000   Number         0  sys_command_hlt.o ABSOLUTE
    ../clib/angel/sysapp.c                   0x00000000   Number         0  sys_wrch.o ABSOLUTE
    ../clib/angel/sysapp.c                   0x00000000   Number         0  sys_wrch_hlt.o ABSOLUTE
    ../clib/armsys.c                         0x00000000   Number         0  argv_veneer.o ABSOLUTE
    ../clib/armsys.c                         0x00000000   Number         0  argv_veneer.o ABSOLUTE
    ../clib/armsys.c                         0x00000000   Number         0  _get_argv_nomalloc.o ABSOLUTE
    ../clib/armsys.c                         0x00000000   Number         0  no_argv.o ABSOLUTE
    ../clib/bigflt.c                         0x00000000   Number         0  bigflt0.o ABSOLUTE
    ../clib/btod.s                           0x00000000   Number         0  btod.o ABSOLUTE
    ../clib/btod_accurate.c                  0x00000000   Number         0  btod_accurate.o ABSOLUTE
    ../clib/btod_accurate.c                  0x00000000   Number         0  btod_accurate_common.o ABSOLUTE
    ../clib/heapalloc.c                      0x00000000   Number         0  hrguard.o ABSOLUTE
    ../clib/heapaux.c                        0x00000000   Number         0  heapauxi.o ABSOLUTE
    ../clib/libinit.s                        0x00000000   Number         0  libinit.o ABSOLUTE
    ../clib/libinit.s                        0x00000000   Number         0  libinit2.o ABSOLUTE
    ../clib/libinit.s                        0x00000000   Number         0  libshutdown.o ABSOLUTE
    ../clib/libinit.s                        0x00000000   Number         0  libshutdown2.o ABSOLUTE
    ../clib/locale.c                         0x00000000   Number         0  _c16rtomb.o ABSOLUTE
    ../clib/locale.s                         0x00000000   Number         0  lc_numeric_c.o ABSOLUTE
    ../clib/locale.s                         0x00000000   Number         0  lc_ctype_c.o ABSOLUTE
    ../clib/longlong.s                       0x00000000   Number         0  lludiv10.o ABSOLUTE
    ../clib/longlong.s                       0x00000000   Number         0  llushr.o ABSOLUTE
    ../clib/memcpset.s                       0x00000000   Number         0  strcmpv7m.o ABSOLUTE
    ../clib/misc.s                           0x00000000   Number         0  printf_stubs.o ABSOLUTE
    ../clib/printf.c                         0x00000000   Number         0  vsprintf.o ABSOLUTE
    ../clib/printf.c                         0x00000000   Number         0  __2sprintf.o ABSOLUTE
    ../clib/printf.c                         0x00000000   Number         0  noretval__2sprintf.o ABSOLUTE
    ../clib/printf.c                         0x00000000   Number         0  __printf.o ABSOLUTE
    ../clib/printf.c                         0x00000000   Number         0  _printf_dec.o ABSOLUTE
    ../clib/printf.c                         0x00000000   Number         0  __printf_flags.o ABSOLUTE
    ../clib/printf.c                         0x00000000   Number         0  __printf_ss.o ABSOLUTE
    ../clib/printf.c                         0x00000000   Number         0  __printf_flags_ss.o ABSOLUTE
    ../clib/printf.c                         0x00000000   Number         0  __printf_wp.o ABSOLUTE
    ../clib/printf.c                         0x00000000   Number         0  __printf_flags_wp.o ABSOLUTE
    ../clib/printf.c                         0x00000000   Number         0  __printf_ss_wp.o ABSOLUTE
    ../clib/printf.c                         0x00000000   Number         0  __printf_flags_ss_wp.o ABSOLUTE
    ../clib/printf.c                         0x00000000   Number         0  _printf_pad.o ABSOLUTE
    ../clib/printf.c                         0x00000000   Number         0  _printf_truncate.o ABSOLUTE
    ../clib/printf.c                         0x00000000   Number         0  _printf_str.o ABSOLUTE
    ../clib/printf.c                         0x00000000   Number         0  _printf_intcommon.o ABSOLUTE
    ../clib/printf.c                         0x00000000   Number         0  _printf_charcount.o ABSOLUTE
    ../clib/printf.c                         0x00000000   Number         0  _printf_char_common.o ABSOLUTE
    ../clib/printf.c                         0x00000000   Number         0  _sputc.o ABSOLUTE
    ../clib/printf.c                         0x00000000   Number         0  _printf_wctomb.o ABSOLUTE
    ../clib/printf.c                         0x00000000   Number         0  _printf_longlong_dec.o ABSOLUTE
    ../clib/printf.c                         0x00000000   Number         0  _printf_oct_ll.o ABSOLUTE
    ../clib/printf.c                         0x00000000   Number         0  _printf_oct_int.o ABSOLUTE
    ../clib/printf.c                         0x00000000   Number         0  _printf_oct_int_ll.o ABSOLUTE
    ../clib/printf.c                         0x00000000   Number         0  _printf_hex_ll.o ABSOLUTE
    ../clib/printf.c                         0x00000000   Number         0  _printf_hex_int.o ABSOLUTE
    ../clib/printf.c                         0x00000000   Number         0  _printf_hex_int_ll.o ABSOLUTE
    ../clib/printf.c                         0x00000000   Number         0  _printf_hex_ptr.o ABSOLUTE
    ../clib/printf.c                         0x00000000   Number         0  _printf_hex_int_ptr.o ABSOLUTE
    ../clib/printf.c                         0x00000000   Number         0  _printf_hex_ll_ptr.o ABSOLUTE
    ../clib/printf.c                         0x00000000   Number         0  _printf_hex_int_ll_ptr.o ABSOLUTE
    ../clib/printf.c                         0x00000000   Number         0  _printf_fp_dec.o ABSOLUTE
    ../clib/printf.c                         0x00000000   Number         0  _printf_fp_dec_accurate.o ABSOLUTE
    ../clib/printf.c                         0x00000000   Number         0  _printf_fp_hex.o ABSOLUTE
    ../clib/printf.c                         0x00000000   Number         0  __printf_nopercent.o ABSOLUTE
    ../clib/printf.c                         0x00000000   Number         0  _printf_char.o ABSOLUTE
    ../clib/printf.c                         0x00000000   Number         0  _printf_wchar.o ABSOLUTE
    ../clib/printf.c                         0x00000000   Number         0  _printf_fp_infnan.o ABSOLUTE
    ../clib/printf_percent.s                 0x00000000   Number         0  _printf_u.o ABSOLUTE
    ../clib/printf_percent.s                 0x00000000   Number         0  _printf_percent.o ABSOLUTE
    ../clib/printf_percent.s                 0x00000000   Number         0  _printf_c.o ABSOLUTE
    ../clib/printf_percent.s                 0x00000000   Number         0  _printf_s.o ABSOLUTE
    ../clib/printf_percent.s                 0x00000000   Number         0  _printf_n.o ABSOLUTE
    ../clib/printf_percent.s                 0x00000000   Number         0  _printf_x.o ABSOLUTE
    ../clib/printf_percent.s                 0x00000000   Number         0  _printf_p.o ABSOLUTE
    ../clib/printf_percent.s                 0x00000000   Number         0  _printf_o.o ABSOLUTE
    ../clib/printf_percent.s                 0x00000000   Number         0  _printf_i.o ABSOLUTE
    ../clib/printf_percent.s                 0x00000000   Number         0  _printf_d.o ABSOLUTE
    ../clib/printf_percent.s                 0x00000000   Number         0  _printf_f.o ABSOLUTE
    ../clib/printf_percent.s                 0x00000000   Number         0  _printf_e.o ABSOLUTE
    ../clib/printf_percent.s                 0x00000000   Number         0  _printf_g.o ABSOLUTE
    ../clib/printf_percent.s                 0x00000000   Number         0  _printf_a.o ABSOLUTE
    ../clib/printf_percent.s                 0x00000000   Number         0  _printf_percent_end.o ABSOLUTE
    ../clib/printf_percent.s                 0x00000000   Number         0  _printf_lli.o ABSOLUTE
    ../clib/printf_percent.s                 0x00000000   Number         0  _printf_lld.o ABSOLUTE
    ../clib/printf_percent.s                 0x00000000   Number         0  _printf_llu.o ABSOLUTE
    ../clib/printf_percent.s                 0x00000000   Number         0  _printf_ll.o ABSOLUTE
    ../clib/printf_percent.s                 0x00000000   Number         0  _printf_l.o ABSOLUTE
    ../clib/printf_percent.s                 0x00000000   Number         0  _printf_lc.o ABSOLUTE
    ../clib/printf_percent.s                 0x00000000   Number         0  _printf_ls.o ABSOLUTE
    ../clib/printf_percent.s                 0x00000000   Number         0  _printf_llo.o ABSOLUTE
    ../clib/printf_percent.s                 0x00000000   Number         0  _printf_llx.o ABSOLUTE
    ../clib/signal.c                         0x00000000   Number         0  defsig_rtmem_outer.o ABSOLUTE
    ../clib/signal.c                         0x00000000   Number         0  defsig_rtmem_formal.o ABSOLUTE
    ../clib/signal.c                         0x00000000   Number         0  defsig_exit.o ABSOLUTE
    ../clib/signal.c                         0x00000000   Number         0  defsig_rtmem_inner.o ABSOLUTE
    ../clib/signal.c                         0x00000000   Number         0  __raise.o ABSOLUTE
    ../clib/signal.c                         0x00000000   Number         0  defsig_general.o ABSOLUTE
    ../clib/signal.c                         0x00000000   Number         0  defsig_abrt_inner.o ABSOLUTE
    ../clib/signal.c                         0x00000000   Number         0  defsig_fpe_inner.o ABSOLUTE
    ../clib/signal.c                         0x00000000   Number         0  defsig_rtred_inner.o ABSOLUTE
    ../clib/signal.c                         0x00000000   Number         0  defsig_stak_inner.o ABSOLUTE
    ../clib/signal.c                         0x00000000   Number         0  defsig_pvfn_inner.o ABSOLUTE
    ../clib/signal.c                         0x00000000   Number         0  defsig_cppl_inner.o ABSOLUTE
    ../clib/signal.c                         0x00000000   Number         0  defsig_segv_inner.o ABSOLUTE
    ../clib/signal.c                         0x00000000   Number         0  defsig_other.o ABSOLUTE
    ../clib/signal.s                         0x00000000   Number         0  defsig.o ABSOLUTE
    ../clib/stdlib.c                         0x00000000   Number         0  exit.o ABSOLUTE
    ../clib/string.c                         0x00000000   Number         0  strtok.o ABSOLUTE
    ../clib/string.c                         0x00000000   Number         0  strcpy.o ABSOLUTE
    ../clib/string.c                         0x00000000   Number         0  strlen.o ABSOLUTE
    ../clib/string.c                         0x00000000   Number         0  strtok_int.o ABSOLUTE
    ../clib/string.c                         0x00000000   Number         0  strcspn.o ABSOLUTE
    ../clib/string.c                         0x00000000   Number         0  strspn.o ABSOLUTE
    ../fplib/fpinit.s                        0x00000000   Number         0  fpinit.o ABSOLUTE
    ../fplib/fpinit_empty.s                  0x00000000   Number         0  fpinit_empty.o ABSOLUTE
    ../fplib/istatus.s                       0x00000000   Number         0  istatus.o ABSOLUTE
    ../fplib/printf1.s                       0x00000000   Number         0  printf1.o ABSOLUTE
    ../fplib/printf2.s                       0x00000000   Number         0  printf2.o ABSOLUTE
    ../fplib/printf2a.s                      0x00000000   Number         0  printf2a.o ABSOLUTE
    ../fplib/printf2b.s                      0x00000000   Number         0  printf2b.o ABSOLUTE
    ../fplib/usenofp.s                       0x00000000   Number         0  usenofp.o ABSOLUTE
    ../mathlib/fpclassify.c                  0x00000000   Number         0  fpclassify.o ABSOLUTE
    BUTTON.c                                 0x00000000   Number         0  button.o ABSOLUTE
    CLCD_I2C.c                               0x00000000   Number         0  clcd_i2c.o ABSOLUTE
    RC522.c                                  0x00000000   Number         0  rc522.o ABSOLUTE
    cli_command_table.c                      0x00000000   Number         0  cli_command_table.o ABSOLUTE
    cli_implement_command.c                  0x00000000   Number         0  cli_implement_command.o ABSOLUTE
    cli_type.c                               0x00000000   Number         0  cli_type.o ABSOLUTE
    command_cli.c                            0x00000000   Number         0  command_cli.o ABSOLUTE
    dc.s                                     0x00000000   Number         0  dc.o ABSOLUTE
    item_table.c                             0x00000000   Number         0  item_table.o ABSOLUTE
    main.c                                   0x00000000   Number         0  main.o ABSOLUTE
    startup_stm32f103xb.s                    0x00000000   Number         0  startup_stm32f103xb.o ABSOLUTE
    stm32f1xx_hal.c                          0x00000000   Number         0  stm32f1xx_hal.o ABSOLUTE
    stm32f1xx_hal_cortex.c                   0x00000000   Number         0  stm32f1xx_hal_cortex.o ABSOLUTE
    stm32f1xx_hal_dma.c                      0x00000000   Number         0  stm32f1xx_hal_dma.o ABSOLUTE
    stm32f1xx_hal_exti.c                     0x00000000   Number         0  stm32f1xx_hal_exti.o ABSOLUTE
    stm32f1xx_hal_flash.c                    0x00000000   Number         0  stm32f1xx_hal_flash.o ABSOLUTE
    stm32f1xx_hal_flash_ex.c                 0x00000000   Number         0  stm32f1xx_hal_flash_ex.o ABSOLUTE
    stm32f1xx_hal_gpio.c                     0x00000000   Number         0  stm32f1xx_hal_gpio.o ABSOLUTE
    stm32f1xx_hal_gpio_ex.c                  0x00000000   Number         0  stm32f1xx_hal_gpio_ex.o ABSOLUTE
    stm32f1xx_hal_i2c.c                      0x00000000   Number         0  stm32f1xx_hal_i2c.o ABSOLUTE
    stm32f1xx_hal_msp.c                      0x00000000   Number         0  stm32f1xx_hal_msp.o ABSOLUTE
    stm32f1xx_hal_pwr.c                      0x00000000   Number         0  stm32f1xx_hal_pwr.o ABSOLUTE
    stm32f1xx_hal_rcc.c                      0x00000000   Number         0  stm32f1xx_hal_rcc.o ABSOLUTE
    stm32f1xx_hal_rcc_ex.c                   0x00000000   Number         0  stm32f1xx_hal_rcc_ex.o ABSOLUTE
    stm32f1xx_hal_spi.c                      0x00000000   Number         0  stm32f1xx_hal_spi.o ABSOLUTE
    stm32f1xx_hal_tim.c                      0x00000000   Number         0  stm32f1xx_hal_tim.o ABSOLUTE
    stm32f1xx_hal_tim_ex.c                   0x00000000   Number         0  stm32f1xx_hal_tim_ex.o ABSOLUTE
    stm32f1xx_hal_uart.c                     0x00000000   Number         0  stm32f1xx_hal_uart.o ABSOLUTE
    stm32f1xx_it.c                           0x00000000   Number         0  stm32f1xx_it.o ABSOLUTE
    system_stm32f1xx.c                       0x00000000   Number         0  system_stm32f1xx.o ABSOLUTE
    tag_display.c                            0x00000000   Number         0  tag_display.o ABSOLUTE
    tagid.c                                  0x00000000   Number         0  tagid.o ABSOLUTE
    uart_cli.c                               0x00000000   Number         0  uart_cli.o ABSOLUTE
    RESET                                    0x08000000   Section      236  startup_stm32f103xb.o(RESET)
    !!!main                                  0x080000ec   Section        8  __main.o(!!!main)
    !!!scatter                               0x080000f4   Section       52  __scatter.o(!!!scatter)
    !!handler_copy                           0x08000128   Section       26  __scatter_copy.o(!!handler_copy)
    !!handler_zi                             0x08000144   Section       28  __scatter_zi.o(!!handler_zi)
    .ARM.Collect$$_printf_percent$$00000000  0x08000160   Section        0  _printf_percent.o(.ARM.Collect$$_printf_percent$$00000000)
    .ARM.Collect$$_printf_percent$$0000000A  0x08000160   Section        6  _printf_u.o(.ARM.Collect$$_printf_percent$$0000000A)
    .ARM.Collect$$_printf_percent$$00000017  0x08000166   Section        4  _printf_percent_end.o(.ARM.Collect$$_printf_percent$$00000017)
    .ARM.Collect$$libinit$$00000000          0x0800016a   Section        2  libinit.o(.ARM.Collect$$libinit$$00000000)
    .ARM.Collect$$libinit$$00000002          0x0800016c   Section        0  libinit2.o(.ARM.Collect$$libinit$$00000002)
    .ARM.Collect$$libinit$$00000004          0x0800016c   Section        0  libinit2.o(.ARM.Collect$$libinit$$00000004)
    .ARM.Collect$$libinit$$00000006          0x0800016c   Section        0  libinit2.o(.ARM.Collect$$libinit$$00000006)
    .ARM.Collect$$libinit$$0000000C          0x0800016c   Section        0  libinit2.o(.ARM.Collect$$libinit$$0000000C)
    .ARM.Collect$$libinit$$0000000E          0x0800016c   Section        0  libinit2.o(.ARM.Collect$$libinit$$0000000E)
    .ARM.Collect$$libinit$$00000010          0x0800016c   Section        0  libinit2.o(.ARM.Collect$$libinit$$00000010)
    .ARM.Collect$$libinit$$00000013          0x0800016c   Section        0  libinit2.o(.ARM.Collect$$libinit$$00000013)
    .ARM.Collect$$libinit$$00000015          0x0800016c   Section        0  libinit2.o(.ARM.Collect$$libinit$$00000015)
    .ARM.Collect$$libinit$$00000017          0x0800016c   Section        0  libinit2.o(.ARM.Collect$$libinit$$00000017)
    .ARM.Collect$$libinit$$00000019          0x0800016c   Section        0  libinit2.o(.ARM.Collect$$libinit$$00000019)
    .ARM.Collect$$libinit$$0000001B          0x0800016c   Section        0  libinit2.o(.ARM.Collect$$libinit$$0000001B)
    .ARM.Collect$$libinit$$0000001D          0x0800016c   Section        0  libinit2.o(.ARM.Collect$$libinit$$0000001D)
    .ARM.Collect$$libinit$$0000001F          0x0800016c   Section        0  libinit2.o(.ARM.Collect$$libinit$$0000001F)
    .ARM.Collect$$libinit$$00000021          0x0800016c   Section        0  libinit2.o(.ARM.Collect$$libinit$$00000021)
    .ARM.Collect$$libinit$$00000023          0x0800016c   Section        0  libinit2.o(.ARM.Collect$$libinit$$00000023)
    .ARM.Collect$$libinit$$00000025          0x0800016c   Section        0  libinit2.o(.ARM.Collect$$libinit$$00000025)
    .ARM.Collect$$libinit$$00000027          0x0800016c   Section        0  libinit2.o(.ARM.Collect$$libinit$$00000027)
    .ARM.Collect$$libinit$$0000002E          0x0800016c   Section        0  libinit2.o(.ARM.Collect$$libinit$$0000002E)
    .ARM.Collect$$libinit$$00000030          0x0800016c   Section        0  libinit2.o(.ARM.Collect$$libinit$$00000030)
    .ARM.Collect$$libinit$$00000032          0x0800016c   Section        0  libinit2.o(.ARM.Collect$$libinit$$00000032)
    .ARM.Collect$$libinit$$00000034          0x0800016c   Section        0  libinit2.o(.ARM.Collect$$libinit$$00000034)
    .ARM.Collect$$libinit$$00000035          0x0800016c   Section        2  libinit2.o(.ARM.Collect$$libinit$$00000035)
    .ARM.Collect$$libshutdown$$00000000      0x0800016e   Section        2  libshutdown.o(.ARM.Collect$$libshutdown$$00000000)
    .ARM.Collect$$libshutdown$$00000002      0x08000170   Section        0  libshutdown2.o(.ARM.Collect$$libshutdown$$00000002)
    .ARM.Collect$$libshutdown$$00000004      0x08000170   Section        0  libshutdown2.o(.ARM.Collect$$libshutdown$$00000004)
    .ARM.Collect$$libshutdown$$00000007      0x08000170   Section        0  libshutdown2.o(.ARM.Collect$$libshutdown$$00000007)
    .ARM.Collect$$libshutdown$$0000000A      0x08000170   Section        0  libshutdown2.o(.ARM.Collect$$libshutdown$$0000000A)
    .ARM.Collect$$libshutdown$$0000000C      0x08000170   Section        0  libshutdown2.o(.ARM.Collect$$libshutdown$$0000000C)
    .ARM.Collect$$libshutdown$$0000000F      0x08000170   Section        0  libshutdown2.o(.ARM.Collect$$libshutdown$$0000000F)
    .ARM.Collect$$libshutdown$$00000010      0x08000170   Section        2  libshutdown2.o(.ARM.Collect$$libshutdown$$00000010)
    .ARM.Collect$$rtentry$$00000000          0x08000172   Section        0  __rtentry.o(.ARM.Collect$$rtentry$$00000000)
    .ARM.Collect$$rtentry$$00000002          0x08000172   Section        0  __rtentry2.o(.ARM.Collect$$rtentry$$00000002)
    .ARM.Collect$$rtentry$$00000004          0x08000172   Section        6  __rtentry4.o(.ARM.Collect$$rtentry$$00000004)
    .ARM.Collect$$rtentry$$00000009          0x08000178   Section        0  __rtentry2.o(.ARM.Collect$$rtentry$$00000009)
    .ARM.Collect$$rtentry$$0000000A          0x08000178   Section        4  __rtentry2.o(.ARM.Collect$$rtentry$$0000000A)
    .ARM.Collect$$rtentry$$0000000C          0x0800017c   Section        0  __rtentry2.o(.ARM.Collect$$rtentry$$0000000C)
    .ARM.Collect$$rtentry$$0000000D          0x0800017c   Section        8  __rtentry2.o(.ARM.Collect$$rtentry$$0000000D)
    .ARM.Collect$$rtexit$$00000000           0x08000184   Section        2  rtexit.o(.ARM.Collect$$rtexit$$00000000)
    .ARM.Collect$$rtexit$$00000002           0x08000186   Section        0  rtexit2.o(.ARM.Collect$$rtexit$$00000002)
    .ARM.Collect$$rtexit$$00000003           0x08000186   Section        4  rtexit2.o(.ARM.Collect$$rtexit$$00000003)
    .ARM.Collect$$rtexit$$00000004           0x0800018a   Section        6  rtexit2.o(.ARM.Collect$$rtexit$$00000004)
    .text                                    0x08000190   Section       64  startup_stm32f103xb.o(.text)
    .text                                    0x080001d0   Section        0  __2sprintf.o(.text)
    .text                                    0x080001fc   Section        0  _printf_dec.o(.text)
    .text                                    0x08000274   Section        0  __printf_flags_ss_wp.o(.text)
    .text                                    0x080003fc   Section        0  heapauxi.o(.text)
    .text                                    0x08000402   Section        0  _printf_intcommon.o(.text)
    _printf_input_char                       0x080004b5   Thumb Code    10  _printf_char_common.o(.text)
    .text                                    0x080004b4   Section        0  _printf_char_common.o(.text)
    .text                                    0x080004e4   Section        0  _sputc.o(.text)
    .text                                    0x080004ee   Section       74  sys_stackheap_outer.o(.text)
    .text                                    0x08000538   Section        0  exit.o(.text)
    .text                                    0x0800054c   Section        8  libspace.o(.text)
    .text                                    0x08000554   Section        0  sys_exit.o(.text)
    .text                                    0x08000560   Section        2  use_no_semi.o(.text)
    .text                                    0x08000562   Section        0  indicate_semi.o(.text)
    [Anonymous Symbol]                       0x08000564   Section        0  button.o(.text.BUTTON_Init)
    [Anonymous Symbol]                       0x0800056c   Section        0  button.o(.text.BUTTON_Read)
    [Anonymous Symbol]                       0x08000614   Section        0  stm32f1xx_it.o(.text.BusFault_Handler)
    [Anonymous Symbol]                       0x08000618   Section        0  main.o(.text.Button_Handle)
    [Anonymous Symbol]                       0x080006d0   Section        0  clcd_i2c.o(.text.CLCD_I2C_Clear)
    [Anonymous Symbol]                       0x08000728   Section        0  clcd_i2c.o(.text.CLCD_I2C_Init)
    [Anonymous Symbol]                       0x080009f8   Section        0  clcd_i2c.o(.text.CLCD_I2C_SetCursor)
    [Anonymous Symbol]                       0x08000a84   Section        0  clcd_i2c.o(.text.CLCD_I2C_WriteChar)
    [Anonymous Symbol]                       0x08000ad8   Section        0  clcd_i2c.o(.text.CLCD_I2C_WriteString)
    [Anonymous Symbol]                       0x08000b4c   Section        0  stm32f1xx_it.o(.text.DebugMon_Handler)
    [Anonymous Symbol]                       0x08000b50   Section        0  stm32f1xx_it.o(.text.EXTI4_IRQHandler)
    [Anonymous Symbol]                       0x08000b58   Section        0  stm32f1xx_hal.o(.text.HAL_Delay)
    [Anonymous Symbol]                       0x08000b80   Section        0  main.o(.text.HAL_GPIO_EXTI_Callback)
    [Anonymous Symbol]                       0x08000b8c   Section        0  stm32f1xx_hal_gpio.o(.text.HAL_GPIO_EXTI_IRQHandler)
    [Anonymous Symbol]                       0x08000ba4   Section        0  stm32f1xx_hal_gpio.o(.text.HAL_GPIO_Init)
    [Anonymous Symbol]                       0x08000dc0   Section        0  stm32f1xx_hal_gpio.o(.text.HAL_GPIO_ReadPin)
    [Anonymous Symbol]                       0x08000dcc   Section        0  stm32f1xx_hal_gpio.o(.text.HAL_GPIO_WritePin)
    [Anonymous Symbol]                       0x08000dd8   Section        0  stm32f1xx_hal.o(.text.HAL_GetTick)
    [Anonymous Symbol]                       0x08000de4   Section        0  stm32f1xx_hal_i2c.o(.text.HAL_I2C_Init)
    [Anonymous Symbol]                       0x08000f5c   Section        0  stm32f1xx_hal_i2c.o(.text.HAL_I2C_Master_Transmit)
    [Anonymous Symbol]                       0x08001130   Section        0  stm32f1xx_hal_msp.o(.text.HAL_I2C_MspInit)
    [Anonymous Symbol]                       0x08001194   Section        0  stm32f1xx_hal.o(.text.HAL_IncTick)
    [Anonymous Symbol]                       0x080011b0   Section        0  stm32f1xx_hal.o(.text.HAL_Init)
    [Anonymous Symbol]                       0x080011d8   Section        0  stm32f1xx_hal.o(.text.HAL_InitTick)
    [Anonymous Symbol]                       0x08001220   Section        0  stm32f1xx_hal_msp.o(.text.HAL_MspInit)
    [Anonymous Symbol]                       0x08001264   Section        0  stm32f1xx_hal_cortex.o(.text.HAL_NVIC_EnableIRQ)
    [Anonymous Symbol]                       0x0800128c   Section        0  stm32f1xx_hal_cortex.o(.text.HAL_NVIC_SetPriority)
    [Anonymous Symbol]                       0x080012e4   Section        0  stm32f1xx_hal_cortex.o(.text.HAL_NVIC_SetPriorityGrouping)
    [Anonymous Symbol]                       0x08001304   Section        0  stm32f1xx_hal_rcc.o(.text.HAL_RCC_ClockConfig)
    [Anonymous Symbol]                       0x080014c4   Section        0  stm32f1xx_hal_rcc.o(.text.HAL_RCC_GetPCLK1Freq)
    [Anonymous Symbol]                       0x080014ec   Section        0  stm32f1xx_hal_rcc.o(.text.HAL_RCC_GetPCLK2Freq)
    [Anonymous Symbol]                       0x08001514   Section        0  stm32f1xx_hal_rcc.o(.text.HAL_RCC_OscConfig)
    [Anonymous Symbol]                       0x080018c8   Section        0  stm32f1xx_hal_spi.o(.text.HAL_SPI_Init)
    [Anonymous Symbol]                       0x08001974   Section        0  stm32f1xx_hal_msp.o(.text.HAL_SPI_MspInit)
    [Anonymous Symbol]                       0x080019f0   Section        0  stm32f1xx_hal_spi.o(.text.HAL_SPI_TransmitReceive)
    [Anonymous Symbol]                       0x08001cc0   Section        0  stm32f1xx_hal_cortex.o(.text.HAL_SYSTICK_Config)
    [Anonymous Symbol]                       0x08001cec   Section        0  stm32f1xx_hal_uart.o(.text.HAL_UART_Init)
    [Anonymous Symbol]                       0x08001dd0   Section        0  stm32f1xx_hal_msp.o(.text.HAL_UART_MspInit)
    [Anonymous Symbol]                       0x08001e4c   Section        0  stm32f1xx_it.o(.text.HardFault_Handler)
    I2C_WaitOnBTFFlagUntilTimeout            0x08001e51   Thumb Code   190  stm32f1xx_hal_i2c.o(.text.I2C_WaitOnBTFFlagUntilTimeout)
    [Anonymous Symbol]                       0x08001e50   Section        0  stm32f1xx_hal_i2c.o(.text.I2C_WaitOnBTFFlagUntilTimeout)
    I2C_WaitOnFlagUntilTimeout               0x08001f11   Thumb Code   466  stm32f1xx_hal_i2c.o(.text.I2C_WaitOnFlagUntilTimeout)
    [Anonymous Symbol]                       0x08001f10   Section        0  stm32f1xx_hal_i2c.o(.text.I2C_WaitOnFlagUntilTimeout)
    I2C_WaitOnMasterAddressFlagUntilTimeout  0x080020e5   Thumb Code   224  stm32f1xx_hal_i2c.o(.text.I2C_WaitOnMasterAddressFlagUntilTimeout)
    [Anonymous Symbol]                       0x080020e4   Section        0  stm32f1xx_hal_i2c.o(.text.I2C_WaitOnMasterAddressFlagUntilTimeout)
    I2C_WaitOnTXEFlagUntilTimeout            0x080021c5   Thumb Code   190  stm32f1xx_hal_i2c.o(.text.I2C_WaitOnTXEFlagUntilTimeout)
    [Anonymous Symbol]                       0x080021c4   Section        0  stm32f1xx_hal_i2c.o(.text.I2C_WaitOnTXEFlagUntilTimeout)
    [Anonymous Symbol]                       0x08002284   Section        0  rc522.o(.text.MFRC522_CalculateCRC)
    [Anonymous Symbol]                       0x08002304   Section        0  rc522.o(.text.MFRC522_Check)
    [Anonymous Symbol]                       0x080023ac   Section        0  rc522.o(.text.MFRC522_Init)
    MFRC522_ReadRegister                     0x0800242d   Thumb Code   204  rc522.o(.text.MFRC522_ReadRegister)
    [Anonymous Symbol]                       0x0800242c   Section        0  rc522.o(.text.MFRC522_ReadRegister)
    [Anonymous Symbol]                       0x080024f8   Section        0  rc522.o(.text.MFRC522_ToCard)
    MFRC522_WriteRegister                    0x08002669   Thumb Code   214  rc522.o(.text.MFRC522_WriteRegister)
    [Anonymous Symbol]                       0x08002668   Section        0  rc522.o(.text.MFRC522_WriteRegister)
    [Anonymous Symbol]                       0x08002740   Section        0  stm32f1xx_it.o(.text.MemManage_Handler)
    [Anonymous Symbol]                       0x08002744   Section        0  stm32f1xx_it.o(.text.NMI_Handler)
    [Anonymous Symbol]                       0x08002748   Section        0  stm32f1xx_it.o(.text.PendSV_Handler)
    SPI_WaitFlagStateUntilTimeout            0x0800274d   Thumb Code   228  stm32f1xx_hal_spi.o(.text.SPI_WaitFlagStateUntilTimeout)
    [Anonymous Symbol]                       0x0800274c   Section        0  stm32f1xx_hal_spi.o(.text.SPI_WaitFlagStateUntilTimeout)
    [Anonymous Symbol]                       0x08002830   Section        0  stm32f1xx_it.o(.text.SVC_Handler)
    [Anonymous Symbol]                       0x08002834   Section        0  stm32f1xx_it.o(.text.SysTick_Handler)
    [Anonymous Symbol]                       0x08002838   Section        0  system_stm32f1xx.o(.text.SystemInit)
    [Anonymous Symbol]                       0x0800283c   Section        0  tag_display.o(.text.Tag_Bill_Display)
    [Anonymous Symbol]                       0x08002a94   Section        0  tag_display.o(.text.Tag_Checkout_Display)
    [Anonymous Symbol]                       0x08002b50   Section        0  tag_display.o(.text.Tag_Clear)
    [Anonymous Symbol]                       0x08002b6c   Section        0  tagid.o(.text.Tag_Convert_Bill)
    [Anonymous Symbol]                       0x08002d60   Section        0  tagid.o(.text.Tag_Convert_Item)
    [Anonymous Symbol]                       0x08002d70   Section        0  tag_display.o(.text.Tag_Cusor_Display)
    [Anonymous Symbol]                       0x08002e08   Section        0  tag_display.o(.text.Tag_Discount_Display)
    [Anonymous Symbol]                       0x08002f54   Section        0  tag_display.o(.text.Tag_Display_Init)
    [Anonymous Symbol]                       0x08002f78   Section        0  tagid.o(.text.Tag_Handle_Item)
    [Anonymous Symbol]                       0x080030f4   Section        0  tagid.o(.text.Tag_Init)
    [Anonymous Symbol]                       0x08003114   Section        0  tag_display.o(.text.Tag_Menu_Display)
    [Anonymous Symbol]                       0x08003194   Section        0  tagid.o(.text.Tag_Read_Item)
    [Anonymous Symbol]                       0x080031b0   Section        0  stm32f1xx_it.o(.text.UsageFault_Handler)
    [Anonymous Symbol]                       0x080031b4   Section        0  main.o(.text.main)
    i._is_digit                              0x0800349a   Section        0  __printf_wp.o(i._is_digit)
    maptable                                 0x080034a8   Data          17  __printf_flags_ss_wp.o(.constdata)
    .constdata                               0x080034a8   Section       17  __printf_flags_ss_wp.o(.constdata)
    HAL_RCC_GetSysClockFreq.aPredivFactorTable 0x080034d1   Data           2  stm32f1xx_hal_rcc.o(.rodata.HAL_RCC_GetSysClockFreq.aPredivFactorTable)
    [Anonymous Symbol]                       0x080034d1   Section        0  stm32f1xx_hal_rcc.o(.rodata.HAL_RCC_GetSysClockFreq.aPredivFactorTable)
    HAL_RCC_GetSysClockFreq.aPLLMULFactorTable 0x080034d3   Data          16  stm32f1xx_hal_rcc.o(.rodata.cst16)
    [Anonymous Symbol]                       0x080034d3   Section        0  stm32f1xx_hal_rcc.o(.rodata.cst16)
    .L.str.20                                0x080034e3   Data           2  tag_display.o(.rodata.str1.1)
    [Anonymous Symbol]                       0x080034e3   Section        0  tag_display.o(.rodata.str1.1)
    .L.str.3                                 0x080034e5   Data          12  tag_display.o(.rodata.str1.1)
    .L.str.4                                 0x080034f1   Data           6  tag_display.o(.rodata.str1.1)
    .L.str.6                                 0x080034f7   Data           9  tag_display.o(.rodata.str1.1)
    .L.str.7                                 0x08003500   Data           7  tag_display.o(.rodata.str1.1)
    .L.str.5                                 0x08003507   Data           3  tag_display.o(.rodata.str1.1)
    .L_MergedGlobals                         0x20000000   Data           3  main.o(.data..L_MergedGlobals)
    [Anonymous Symbol]                       0x20000000   Section        0  main.o(.data..L_MergedGlobals)
    .L_MergedGlobals                         0x20000004   Data           8  stm32f1xx_hal.o(.data..L_MergedGlobals)
    [Anonymous Symbol]                       0x20000004   Section        0  stm32f1xx_hal.o(.data..L_MergedGlobals)
    .bss                                     0x20000010   Section       96  libspace.o(.bss)
    .L_MergedGlobals                         0x20000070   Data          16  tag_display.o(.bss..L_MergedGlobals)
    Tag_Bill_Display.last_page               0x20000070   Data           1  tag_display.o(.bss..L_MergedGlobals)
    [Anonymous Symbol]                       0x20000070   Section        0  tag_display.o(.bss..L_MergedGlobals)
    LCD                                      0x20000074   Data          12  tag_display.o(.bss..L_MergedGlobals)
    .L_MergedGlobals                         0x20000080   Data          32  tagid.o(.bss..L_MergedGlobals)
    item_quantity                            0x20000080   Data           1  tagid.o(.bss..L_MergedGlobals)
    [Anonymous Symbol]                       0x20000080   Section        0  tagid.o(.bss..L_MergedGlobals)
    SPI                                      0x20000084   Data           4  tagid.o(.bss..L_MergedGlobals)
    CS_PORT                                  0x20000088   Data           4  tagid.o(.bss..L_MergedGlobals)
    Tag_Handle_Item.last_time                0x2000008c   Data           4  tagid.o(.bss..L_MergedGlobals)
    rfid                                     0x20000090   Data          16  tagid.o(.bss..L_MergedGlobals)
    .L_MergedGlobals.1                       0x200000a0   Data         108  main.o(.bss..L_MergedGlobals.1)
    [Anonymous Symbol]                       0x200000a0   Section        0  main.o(.bss..L_MergedGlobals.1)
    Discount_Handle_Mode.flag                0x200000a3   Data           1  main.o(.bss..L_MergedGlobals.1)
    Heap_Mem                                 0x200003b0   Data         512  startup_stm32f103xb.o(HEAP)
    HEAP                                     0x200003b0   Section      512  startup_stm32f103xb.o(HEAP)
    Stack_Mem                                0x200005b0   Data        1024  startup_stm32f103xb.o(STACK)
    STACK                                    0x200005b0   Section     1024  startup_stm32f103xb.o(STACK)
    __initial_sp                             0x200009b0   Data           0  startup_stm32f103xb.o(STACK)

    Global Symbols

    Symbol Name                              Value     Ov Type        Size  Object(Section)

    BuildAttributes$$THM_ISAv4$P$D$K$B$S$PE$A:L22UL41UL21$X:L11$S22US41US21$IEEE1$IW$~IW$USESV6$~STKCKD$USESV7$~SHL$OTIME$ROPI$IEEEJ$EBA8$UX$STANDARDLIB$REQ8$PRES8$EABIv2 0x00000000   Number         0  anon$$obj.o ABSOLUTE
    __fp_init_empty                          0x00000000   Number         0  fpinit_empty.o ABSOLUTE
    _printf_flags                            0x00000000   Number         0  printf_stubs.o ABSOLUTE
    _printf_return_value                     0x00000000   Number         0  printf_stubs.o ABSOLUTE
    _printf_sizespec                         0x00000000   Number         0  printf_stubs.o ABSOLUTE
    _printf_widthprec                        0x00000000   Number         0  printf_stubs.o ABSOLUTE
    __ARM_exceptions_init                     - Undefined Weak Reference
    __alloca_initialize                       - Undefined Weak Reference
    __arm_preinit_                            - Undefined Weak Reference
    __arm_relocate_pie_                       - Undefined Weak Reference
    __cpp_initialize__aeabi_                  - Undefined Weak Reference
    __cxa_finalize                            - Undefined Weak Reference
    __sigvec_lookup                           - Undefined Weak Reference
    _atexit_init                              - Undefined Weak Reference
    _call_atexit_fns                          - Undefined Weak Reference
    _clock_init                               - Undefined Weak Reference
    _fp_trap_init                             - Undefined Weak Reference
    _fp_trap_shutdown                         - Undefined Weak Reference
    _get_lc_collate                           - Undefined Weak Reference
    _get_lc_monetary                          - Undefined Weak Reference
    _get_lc_time                              - Undefined Weak Reference
    _getenv_init                              - Undefined Weak Reference
    _handle_redirection                       - Undefined Weak Reference
    _init_alloc                               - Undefined Weak Reference
    _init_user_alloc                          - Undefined Weak Reference
    _initio                                   - Undefined Weak Reference
    _printf_mbtowc                            - Undefined Weak Reference
    _printf_wc                                - Undefined Weak Reference
    _rand_init                                - Undefined Weak Reference
    _signal_finish                            - Undefined Weak Reference
    _signal_init                              - Undefined Weak Reference
    _terminate_alloc                          - Undefined Weak Reference
    _terminate_user_alloc                     - Undefined Weak Reference
    _terminateio                              - Undefined Weak Reference
    __Vectors_Size                           0x000000ec   Number         0  startup_stm32f103xb.o ABSOLUTE
    __Vectors                                0x08000000   Data           4  startup_stm32f103xb.o(RESET)
    __Vectors_End                            0x080000ec   Data           0  startup_stm32f103xb.o(RESET)
    __main                                   0x080000ed   Thumb Code     8  __main.o(!!!main)
    __scatterload                            0x080000f5   Thumb Code     0  __scatter.o(!!!scatter)
    __scatterload_rt2                        0x080000f5   Thumb Code    44  __scatter.o(!!!scatter)
    __scatterload_rt2_thumb_only             0x080000f5   Thumb Code     0  __scatter.o(!!!scatter)
    __scatterload_null                       0x08000103   Thumb Code     0  __scatter.o(!!!scatter)
    __scatterload_copy                       0x08000129   Thumb Code    26  __scatter_copy.o(!!handler_copy)
    __scatterload_zeroinit                   0x08000145   Thumb Code    28  __scatter_zi.o(!!handler_zi)
    _printf_percent                          0x08000161   Thumb Code     0  _printf_percent.o(.ARM.Collect$$_printf_percent$$00000000)
    _printf_u                                0x08000161   Thumb Code     0  _printf_u.o(.ARM.Collect$$_printf_percent$$0000000A)
    _printf_percent_end                      0x08000167   Thumb Code     0  _printf_percent_end.o(.ARM.Collect$$_printf_percent$$00000017)
    __rt_lib_init                            0x0800016b   Thumb Code     0  libinit.o(.ARM.Collect$$libinit$$00000000)
    __rt_lib_init_alloca_1                   0x0800016d   Thumb Code     0  libinit2.o(.ARM.Collect$$libinit$$00000030)
    __rt_lib_init_argv_1                     0x0800016d   Thumb Code     0  libinit2.o(.ARM.Collect$$libinit$$0000002E)
    __rt_lib_init_atexit_1                   0x0800016d   Thumb Code     0  libinit2.o(.ARM.Collect$$libinit$$0000001D)
    __rt_lib_init_clock_1                    0x0800016d   Thumb Code     0  libinit2.o(.ARM.Collect$$libinit$$00000023)
    __rt_lib_init_cpp_1                      0x0800016d   Thumb Code     0  libinit2.o(.ARM.Collect$$libinit$$00000034)
    __rt_lib_init_exceptions_1               0x0800016d   Thumb Code     0  libinit2.o(.ARM.Collect$$libinit$$00000032)
    __rt_lib_init_fp_1                       0x0800016d   Thumb Code     0  libinit2.o(.ARM.Collect$$libinit$$00000002)
    __rt_lib_init_fp_trap_1                  0x0800016d   Thumb Code     0  libinit2.o(.ARM.Collect$$libinit$$00000021)
    __rt_lib_init_getenv_1                   0x0800016d   Thumb Code     0  libinit2.o(.ARM.Collect$$libinit$$00000025)
    __rt_lib_init_heap_1                     0x0800016d   Thumb Code     0  libinit2.o(.ARM.Collect$$libinit$$0000000C)
    __rt_lib_init_lc_collate_1               0x0800016d   Thumb Code     0  libinit2.o(.ARM.Collect$$libinit$$00000013)
    __rt_lib_init_lc_ctype_1                 0x0800016d   Thumb Code     0  libinit2.o(.ARM.Collect$$libinit$$00000015)
    __rt_lib_init_lc_monetary_1              0x0800016d   Thumb Code     0  libinit2.o(.ARM.Collect$$libinit$$00000017)
    __rt_lib_init_lc_numeric_1               0x0800016d   Thumb Code     0  libinit2.o(.ARM.Collect$$libinit$$00000019)
    __rt_lib_init_lc_time_1                  0x0800016d   Thumb Code     0  libinit2.o(.ARM.Collect$$libinit$$0000001B)
    __rt_lib_init_preinit_1                  0x0800016d   Thumb Code     0  libinit2.o(.ARM.Collect$$libinit$$00000006)
    __rt_lib_init_rand_1                     0x0800016d   Thumb Code     0  libinit2.o(.ARM.Collect$$libinit$$00000010)
    __rt_lib_init_relocate_pie_1             0x0800016d   Thumb Code     0  libinit2.o(.ARM.Collect$$libinit$$00000004)
    __rt_lib_init_return                     0x0800016d   Thumb Code     0  libinit2.o(.ARM.Collect$$libinit$$00000035)
    __rt_lib_init_signal_1                   0x0800016d   Thumb Code     0  libinit2.o(.ARM.Collect$$libinit$$0000001F)
    __rt_lib_init_stdio_1                    0x0800016d   Thumb Code     0  libinit2.o(.ARM.Collect$$libinit$$00000027)
    __rt_lib_init_user_alloc_1               0x0800016d   Thumb Code     0  libinit2.o(.ARM.Collect$$libinit$$0000000E)
    __rt_lib_shutdown                        0x0800016f   Thumb Code     0  libshutdown.o(.ARM.Collect$$libshutdown$$00000000)
    __rt_lib_shutdown_cpp_1                  0x08000171   Thumb Code     0  libshutdown2.o(.ARM.Collect$$libshutdown$$00000002)
    __rt_lib_shutdown_fp_trap_1              0x08000171   Thumb Code     0  libshutdown2.o(.ARM.Collect$$libshutdown$$00000007)
    __rt_lib_shutdown_heap_1                 0x08000171   Thumb Code     0  libshutdown2.o(.ARM.Collect$$libshutdown$$0000000F)
    __rt_lib_shutdown_return                 0x08000171   Thumb Code     0  libshutdown2.o(.ARM.Collect$$libshutdown$$00000010)
    __rt_lib_shutdown_signal_1               0x08000171   Thumb Code     0  libshutdown2.o(.ARM.Collect$$libshutdown$$0000000A)
    __rt_lib_shutdown_stdio_1                0x08000171   Thumb Code     0  libshutdown2.o(.ARM.Collect$$libshutdown$$00000004)
    __rt_lib_shutdown_user_alloc_1           0x08000171   Thumb Code     0  libshutdown2.o(.ARM.Collect$$libshutdown$$0000000C)
    __rt_entry                               0x08000173   Thumb Code     0  __rtentry.o(.ARM.Collect$$rtentry$$00000000)
    __rt_entry_presh_1                       0x08000173   Thumb Code     0  __rtentry2.o(.ARM.Collect$$rtentry$$00000002)
    __rt_entry_sh                            0x08000173   Thumb Code     0  __rtentry4.o(.ARM.Collect$$rtentry$$00000004)
    __rt_entry_li                            0x08000179   Thumb Code     0  __rtentry2.o(.ARM.Collect$$rtentry$$0000000A)
    __rt_entry_postsh_1                      0x08000179   Thumb Code     0  __rtentry2.o(.ARM.Collect$$rtentry$$00000009)
    __rt_entry_main                          0x0800017d   Thumb Code     0  __rtentry2.o(.ARM.Collect$$rtentry$$0000000D)
    __rt_entry_postli_1                      0x0800017d   Thumb Code     0  __rtentry2.o(.ARM.Collect$$rtentry$$0000000C)
    __rt_exit                                0x08000185   Thumb Code     0  rtexit.o(.ARM.Collect$$rtexit$$00000000)
    __rt_exit_ls                             0x08000187   Thumb Code     0  rtexit2.o(.ARM.Collect$$rtexit$$00000003)
    __rt_exit_prels_1                        0x08000187   Thumb Code     0  rtexit2.o(.ARM.Collect$$rtexit$$00000002)
    __rt_exit_exit                           0x0800018b   Thumb Code     0  rtexit2.o(.ARM.Collect$$rtexit$$00000004)
    Reset_Handler                            0x08000191   Thumb Code     8  startup_stm32f103xb.o(.text)
    ADC1_2_IRQHandler                        0x080001ab   Thumb Code     0  startup_stm32f103xb.o(.text)
    CAN1_RX1_IRQHandler                      0x080001ab   Thumb Code     0  startup_stm32f103xb.o(.text)
    CAN1_SCE_IRQHandler                      0x080001ab   Thumb Code     0  startup_stm32f103xb.o(.text)
    DMA1_Channel1_IRQHandler                 0x080001ab   Thumb Code     0  startup_stm32f103xb.o(.text)
    DMA1_Channel2_IRQHandler                 0x080001ab   Thumb Code     0  startup_stm32f103xb.o(.text)
    DMA1_Channel3_IRQHandler                 0x080001ab   Thumb Code     0  startup_stm32f103xb.o(.text)
    DMA1_Channel4_IRQHandler                 0x080001ab   Thumb Code     0  startup_stm32f103xb.o(.text)
    DMA1_Channel5_IRQHandler                 0x080001ab   Thumb Code     0  startup_stm32f103xb.o(.text)
    DMA1_Channel6_IRQHandler                 0x080001ab   Thumb Code     0  startup_stm32f103xb.o(.text)
    DMA1_Channel7_IRQHandler                 0x080001ab   Thumb Code     0  startup_stm32f103xb.o(.text)
    EXTI0_IRQHandler                         0x080001ab   Thumb Code     0  startup_stm32f103xb.o(.text)
    EXTI15_10_IRQHandler                     0x080001ab   Thumb Code     0  startup_stm32f103xb.o(.text)
    EXTI1_IRQHandler                         0x080001ab   Thumb Code     0  startup_stm32f103xb.o(.text)
    EXTI2_IRQHandler                         0x080001ab   Thumb Code     0  startup_stm32f103xb.o(.text)
    EXTI3_IRQHandler                         0x080001ab   Thumb Code     0  startup_stm32f103xb.o(.text)
    EXTI9_5_IRQHandler                       0x080001ab   Thumb Code     0  startup_stm32f103xb.o(.text)
    FLASH_IRQHandler                         0x080001ab   Thumb Code     0  startup_stm32f103xb.o(.text)
    I2C1_ER_IRQHandler                       0x080001ab   Thumb Code     0  startup_stm32f103xb.o(.text)
    I2C1_EV_IRQHandler                       0x080001ab   Thumb Code     0  startup_stm32f103xb.o(.text)
    I2C2_ER_IRQHandler                       0x080001ab   Thumb Code     0  startup_stm32f103xb.o(.text)
    I2C2_EV_IRQHandler                       0x080001ab   Thumb Code     0  startup_stm32f103xb.o(.text)
    PVD_IRQHandler                           0x080001ab   Thumb Code     0  startup_stm32f103xb.o(.text)
    RCC_IRQHandler                           0x080001ab   Thumb Code     0  startup_stm32f103xb.o(.text)
    RTC_Alarm_IRQHandler                     0x080001ab   Thumb Code     0  startup_stm32f103xb.o(.text)
    RTC_IRQHandler                           0x080001ab   Thumb Code     0  startup_stm32f103xb.o(.text)
    SPI1_IRQHandler                          0x080001ab   Thumb Code     0  startup_stm32f103xb.o(.text)
    SPI2_IRQHandler                          0x080001ab   Thumb Code     0  startup_stm32f103xb.o(.text)
    TAMPER_IRQHandler                        0x080001ab   Thumb Code     0  startup_stm32f103xb.o(.text)
    TIM1_BRK_IRQHandler                      0x080001ab   Thumb Code     0  startup_stm32f103xb.o(.text)
    TIM1_CC_IRQHandler                       0x080001ab   Thumb Code     0  startup_stm32f103xb.o(.text)
    TIM1_TRG_COM_IRQHandler                  0x080001ab   Thumb Code     0  startup_stm32f103xb.o(.text)
    TIM1_UP_IRQHandler                       0x080001ab   Thumb Code     0  startup_stm32f103xb.o(.text)
    TIM2_IRQHandler                          0x080001ab   Thumb Code     0  startup_stm32f103xb.o(.text)
    TIM3_IRQHandler                          0x080001ab   Thumb Code     0  startup_stm32f103xb.o(.text)
    TIM4_IRQHandler                          0x080001ab   Thumb Code     0  startup_stm32f103xb.o(.text)
    USART1_IRQHandler                        0x080001ab   Thumb Code     0  startup_stm32f103xb.o(.text)
    USART2_IRQHandler                        0x080001ab   Thumb Code     0  startup_stm32f103xb.o(.text)
    USART3_IRQHandler                        0x080001ab   Thumb Code     0  startup_stm32f103xb.o(.text)
    USBWakeUp_IRQHandler                     0x080001ab   Thumb Code     0  startup_stm32f103xb.o(.text)
    USB_HP_CAN1_TX_IRQHandler                0x080001ab   Thumb Code     0  startup_stm32f103xb.o(.text)
    USB_LP_CAN1_RX0_IRQHandler               0x080001ab   Thumb Code     0  startup_stm32f103xb.o(.text)
    WWDG_IRQHandler                          0x080001ab   Thumb Code     0  startup_stm32f103xb.o(.text)
    __user_initial_stackheap                 0x080001ad   Thumb Code     0  startup_stm32f103xb.o(.text)
    __2sprintf                               0x080001d1   Thumb Code    38  __2sprintf.o(.text)
    _printf_int_dec                          0x080001fd   Thumb Code   104  _printf_dec.o(.text)
    __printf                                 0x08000275   Thumb Code   388  __printf_flags_ss_wp.o(.text)
    __use_two_region_memory                  0x080003fd   Thumb Code     2  heapauxi.o(.text)
    __rt_heap_escrow$2region                 0x080003ff   Thumb Code     2  heapauxi.o(.text)
    __rt_heap_expand$2region                 0x08000401   Thumb Code     2  heapauxi.o(.text)
    _printf_int_common                       0x08000403   Thumb Code   178  _printf_intcommon.o(.text)
    _printf_char_common                      0x080004bf   Thumb Code    32  _printf_char_common.o(.text)
    _sputc                                   0x080004e5   Thumb Code    10  _sputc.o(.text)
    __user_setup_stackheap                   0x080004ef   Thumb Code    74  sys_stackheap_outer.o(.text)
    exit                                     0x08000539   Thumb Code    18  exit.o(.text)
    __user_libspace                          0x0800054d   Thumb Code     8  libspace.o(.text)
    __user_perproc_libspace                  0x0800054d   Thumb Code     0  libspace.o(.text)
    __user_perthread_libspace                0x0800054d   Thumb Code     0  libspace.o(.text)
    _sys_exit                                0x08000555   Thumb Code     8  sys_exit.o(.text)
    __I$use$semihosting                      0x08000561   Thumb Code     0  use_no_semi.o(.text)
    __use_no_semihosting_swi                 0x08000561   Thumb Code     2  use_no_semi.o(.text)
    __semihosting_library_function           0x08000563   Thumb Code     0  indicate_semi.o(.text)
    BUTTON_Init                              0x08000565   Thumb Code     6  button.o(.text.BUTTON_Init)
    BUTTON_Read                              0x0800056d   Thumb Code   168  button.o(.text.BUTTON_Read)
    BusFault_Handler                         0x08000615   Thumb Code     2  stm32f1xx_it.o(.text.BusFault_Handler)
    Button_Handle                            0x08000619   Thumb Code   184  main.o(.text.Button_Handle)
    CLCD_I2C_Clear                           0x080006d1   Thumb Code    86  clcd_i2c.o(.text.CLCD_I2C_Clear)
    CLCD_I2C_Init                            0x08000729   Thumb Code   720  clcd_i2c.o(.text.CLCD_I2C_Init)
    CLCD_I2C_SetCursor                       0x080009f9   Thumb Code   138  clcd_i2c.o(.text.CLCD_I2C_SetCursor)
    CLCD_I2C_WriteChar                       0x08000a85   Thumb Code    84  clcd_i2c.o(.text.CLCD_I2C_WriteChar)
    CLCD_I2C_WriteString                     0x08000ad9   Thumb Code   116  clcd_i2c.o(.text.CLCD_I2C_WriteString)
    DebugMon_Handler                         0x08000b4d   Thumb Code     2  stm32f1xx_it.o(.text.DebugMon_Handler)
    EXTI4_IRQHandler                         0x08000b51   Thumb Code     6  stm32f1xx_it.o(.text.EXTI4_IRQHandler)
    HAL_Delay                                0x08000b59   Thumb Code    40  stm32f1xx_hal.o(.text.HAL_Delay)
    HAL_GPIO_EXTI_Callback                   0x08000b81   Thumb Code    10  main.o(.text.HAL_GPIO_EXTI_Callback)
    HAL_GPIO_EXTI_IRQHandler                 0x08000b8d   Thumb Code    22  stm32f1xx_hal_gpio.o(.text.HAL_GPIO_EXTI_IRQHandler)
    HAL_GPIO_Init                            0x08000ba5   Thumb Code   538  stm32f1xx_hal_gpio.o(.text.HAL_GPIO_Init)
    HAL_GPIO_ReadPin                         0x08000dc1   Thumb Code    10  stm32f1xx_hal_gpio.o(.text.HAL_GPIO_ReadPin)
    HAL_GPIO_WritePin                        0x08000dcd   Thumb Code    10  stm32f1xx_hal_gpio.o(.text.HAL_GPIO_WritePin)
    HAL_GetTick                              0x08000dd9   Thumb Code    12  stm32f1xx_hal.o(.text.HAL_GetTick)
    HAL_I2C_Init                             0x08000de5   Thumb Code   374  stm32f1xx_hal_i2c.o(.text.HAL_I2C_Init)
    HAL_I2C_Master_Transmit                  0x08000f5d   Thumb Code   468  stm32f1xx_hal_i2c.o(.text.HAL_I2C_Master_Transmit)
    HAL_I2C_MspInit                          0x08001131   Thumb Code    98  stm32f1xx_hal_msp.o(.text.HAL_I2C_MspInit)
    HAL_IncTick                              0x08001195   Thumb Code    26  stm32f1xx_hal.o(.text.HAL_IncTick)
    HAL_Init                                 0x080011b1   Thumb Code    38  stm32f1xx_hal.o(.text.HAL_Init)
    HAL_InitTick                             0x080011d9   Thumb Code    72  stm32f1xx_hal.o(.text.HAL_InitTick)
    HAL_MspInit                              0x08001221   Thumb Code    66  stm32f1xx_hal_msp.o(.text.HAL_MspInit)
    HAL_NVIC_EnableIRQ                       0x08001265   Thumb Code    38  stm32f1xx_hal_cortex.o(.text.HAL_NVIC_EnableIRQ)
    HAL_NVIC_SetPriority                     0x0800128d   Thumb Code    86  stm32f1xx_hal_cortex.o(.text.HAL_NVIC_SetPriority)
    HAL_NVIC_SetPriorityGrouping             0x080012e5   Thumb Code    32  stm32f1xx_hal_cortex.o(.text.HAL_NVIC_SetPriorityGrouping)
    HAL_RCC_ClockConfig                      0x08001305   Thumb Code   446  stm32f1xx_hal_rcc.o(.text.HAL_RCC_ClockConfig)
    HAL_RCC_GetPCLK1Freq                     0x080014c5   Thumb Code    38  stm32f1xx_hal_rcc.o(.text.HAL_RCC_GetPCLK1Freq)
    HAL_RCC_GetPCLK2Freq                     0x080014ed   Thumb Code    38  stm32f1xx_hal_rcc.o(.text.HAL_RCC_GetPCLK2Freq)
    HAL_RCC_OscConfig                        0x08001515   Thumb Code   948  stm32f1xx_hal_rcc.o(.text.HAL_RCC_OscConfig)
    HAL_SPI_Init                             0x080018c9   Thumb Code   172  stm32f1xx_hal_spi.o(.text.HAL_SPI_Init)
    HAL_SPI_MspInit                          0x08001975   Thumb Code   122  stm32f1xx_hal_msp.o(.text.HAL_SPI_MspInit)
    HAL_SPI_TransmitReceive                  0x080019f1   Thumb Code   720  stm32f1xx_hal_spi.o(.text.HAL_SPI_TransmitReceive)
    HAL_SYSTICK_Config                       0x08001cc1   Thumb Code    44  stm32f1xx_hal_cortex.o(.text.HAL_SYSTICK_Config)
    HAL_UART_Init                            0x08001ced   Thumb Code   226  stm32f1xx_hal_uart.o(.text.HAL_UART_Init)
    HAL_UART_MspInit                         0x08001dd1   Thumb Code   122  stm32f1xx_hal_msp.o(.text.HAL_UART_MspInit)
    HardFault_Handler                        0x08001e4d   Thumb Code     2  stm32f1xx_it.o(.text.HardFault_Handler)
    MFRC522_CalculateCRC                     0x08002285   Thumb Code   128  rc522.o(.text.MFRC522_CalculateCRC)
    MFRC522_Check                            0x08002305   Thumb Code   166  rc522.o(.text.MFRC522_Check)
    MFRC522_Init                             0x080023ad   Thumb Code   126  rc522.o(.text.MFRC522_Init)
    MFRC522_ToCard                           0x080024f9   Thumb Code   366  rc522.o(.text.MFRC522_ToCard)
    MemManage_Handler                        0x08002741   Thumb Code     2  stm32f1xx_it.o(.text.MemManage_Handler)
    NMI_Handler                              0x08002745   Thumb Code     2  stm32f1xx_it.o(.text.NMI_Handler)
    PendSV_Handler                           0x08002749   Thumb Code     2  stm32f1xx_it.o(.text.PendSV_Handler)
    SVC_Handler                              0x08002831   Thumb Code     2  stm32f1xx_it.o(.text.SVC_Handler)
    SysTick_Handler                          0x08002835   Thumb Code     4  stm32f1xx_it.o(.text.SysTick_Handler)
    SystemInit                               0x08002839   Thumb Code     2  system_stm32f1xx.o(.text.SystemInit)
    Tag_Bill_Display                         0x0800283d   Thumb Code   528  tag_display.o(.text.Tag_Bill_Display)
    Tag_Checkout_Display                     0x08002a95   Thumb Code   186  tag_display.o(.text.Tag_Checkout_Display)
    Tag_Clear                                0x08002b51   Thumb Code    26  tag_display.o(.text.Tag_Clear)
    Tag_Convert_Bill                         0x08002b6d   Thumb Code   498  tagid.o(.text.Tag_Convert_Bill)
    Tag_Convert_Item                         0x08002d61   Thumb Code    14  tagid.o(.text.Tag_Convert_Item)
    Tag_Cusor_Display                        0x08002d71   Thumb Code   152  tag_display.o(.text.Tag_Cusor_Display)
    Tag_Discount_Display                     0x08002e09   Thumb Code   252  tag_display.o(.text.Tag_Discount_Display)
    Tag_Display_Init                         0x08002f55   Thumb Code    36  tag_display.o(.text.Tag_Display_Init)
    Tag_Handle_Item                          0x08002f79   Thumb Code   380  tagid.o(.text.Tag_Handle_Item)
    Tag_Init                                 0x080030f5   Thumb Code    30  tagid.o(.text.Tag_Init)
    Tag_Menu_Display                         0x08003115   Thumb Code   100  tag_display.o(.text.Tag_Menu_Display)
    Tag_Read_Item                            0x08003195   Thumb Code    26  tagid.o(.text.Tag_Read_Item)
    UsageFault_Handler                       0x080031b1   Thumb Code     2  stm32f1xx_it.o(.text.UsageFault_Handler)
    main                                     0x080031b5   Thumb Code   742  main.o(.text.main)
    _is_digit                                0x0800349b   Thumb Code    14  __printf_wp.o(i._is_digit)
    AHBPrescTable                            0x080034b9   Data          16  system_stm32f1xx.o(.rodata.AHBPrescTable)
    APBPrescTable                            0x080034c9   Data           8  system_stm32f1xx.o(.rodata.APBPrescTable)
    Region$$Table$$Base                      0x0800350c   Number         0  anon$$obj.o(Region$$Table)
    Region$$Table$$Limit                     0x0800352c   Number         0  anon$$obj.o(Region$$Table)
    Menu_state                               0x20000000   Data           1  main.o(.data..L_MergedGlobals)
    Last_Menu_State                          0x20000001   Data           1  main.o(.data..L_MergedGlobals)
    cusor                                    0x20000002   Data           1  main.o(.data..L_MergedGlobals)
    uwTickFreq                               0x20000004   Data           1  stm32f1xx_hal.o(.data..L_MergedGlobals)
    uwTickPrio                               0x20000008   Data           4  stm32f1xx_hal.o(.data..L_MergedGlobals)
    SystemCoreClock                          0x2000000c   Data           4  system_stm32f1xx.o(.data.SystemCoreClock)
    __libspace_start                         0x20000010   Data          96  libspace.o(.bss)
    __temporary_stack_top$libspace           0x20000070   Data           0  libspace.o(.bss)
    page                                     0x200000a0   Data           1  main.o(.bss..L_MergedGlobals.1)
    select_choose                            0x200000a1   Data           1  main.o(.bss..L_MergedGlobals.1)
    final_state                              0x200000a2   Data           1  main.o(.bss..L_MergedGlobals.1)
    id                                       0x200000a4   Data           5  main.o(.bss..L_MergedGlobals.1)
    UP                                       0x200000ac   Data          12  main.o(.bss..L_MergedGlobals.1)
    DOWN                                     0x200000b8   Data          12  main.o(.bss..L_MergedGlobals.1)
    huart1                                   0x200000c4   Data          72  main.o(.bss..L_MergedGlobals.1)
    bill                                     0x2000010c   Data         100  main.o(.bss.bill)
    hi2c1                                    0x20000170   Data          84  main.o(.bss.hi2c1)
    hspi2                                    0x200001c4   Data          88  main.o(.bss.hspi2)
    list                                     0x2000021c   Data         400  main.o(.bss.list)
    uwTick                                   0x200003ac   Data           4  stm32f1xx_hal.o(.bss.uwTick)



==============================================================================

Memory Map of the image

  Image Entry point : 0x080000ed

  Load Region LR_IROM1 (Base: 0x08000000, Size: 0x00003540, Max: 0x00010000, ABSOLUTE)

    Execution Region ER_IROM1 (Exec base: 0x08000000, Load base: 0x08000000, Size: 0x0000352c, Max: 0x00010000, ABSOLUTE)

    Exec Addr    Load Addr    Size         Type   Attr      Idx    E Section Name        Object

    0x08000000   0x08000000   0x000000ec   Data   RO            3    RESET               startup_stm32f103xb.o
    0x080000ec   0x080000ec   0x00000008   Code   RO         1076  * !!!main             c_w.l(__main.o)
    0x080000f4   0x080000f4   0x00000034   Code   RO         1391    !!!scatter          c_w.l(__scatter.o)
    0x08000128   0x08000128   0x0000001a   Code   RO         1393    !!handler_copy      c_w.l(__scatter_copy.o)
    0x08000142   0x08000142   0x00000002   PAD
    0x08000144   0x08000144   0x0000001c   Code   RO         1395    !!handler_zi        c_w.l(__scatter_zi.o)
    0x08000160   0x08000160   0x00000000   Code   RO         1064    .ARM.Collect$$_printf_percent$$00000000  c_w.l(_printf_percent.o)
    0x08000160   0x08000160   0x00000006   Code   RO         1063    .ARM.Collect$$_printf_percent$$0000000A  c_w.l(_printf_u.o)
    0x08000166   0x08000166   0x00000004   Code   RO         1137    .ARM.Collect$$_printf_percent$$00000017  c_w.l(_printf_percent_end.o)
    0x0800016a   0x0800016a   0x00000002   Code   RO         1241    .ARM.Collect$$libinit$$00000000  c_w.l(libinit.o)
    0x0800016c   0x0800016c   0x00000000   Code   RO         1258    .ARM.Collect$$libinit$$00000002  c_w.l(libinit2.o)
    0x0800016c   0x0800016c   0x00000000   Code   RO         1260    .ARM.Collect$$libinit$$00000004  c_w.l(libinit2.o)
    0x0800016c   0x0800016c   0x00000000   Code   RO         1262    .ARM.Collect$$libinit$$00000006  c_w.l(libinit2.o)
    0x0800016c   0x0800016c   0x00000000   Code   RO         1265    .ARM.Collect$$libinit$$0000000C  c_w.l(libinit2.o)
    0x0800016c   0x0800016c   0x00000000   Code   RO         1267    .ARM.Collect$$libinit$$0000000E  c_w.l(libinit2.o)
    0x0800016c   0x0800016c   0x00000000   Code   RO         1269    .ARM.Collect$$libinit$$00000010  c_w.l(libinit2.o)
    0x0800016c   0x0800016c   0x00000000   Code   RO         1272    .ARM.Collect$$libinit$$00000013  c_w.l(libinit2.o)
    0x0800016c   0x0800016c   0x00000000   Code   RO         1274    .ARM.Collect$$libinit$$00000015  c_w.l(libinit2.o)
    0x0800016c   0x0800016c   0x00000000   Code   RO         1276    .ARM.Collect$$libinit$$00000017  c_w.l(libinit2.o)
    0x0800016c   0x0800016c   0x00000000   Code   RO         1278    .ARM.Collect$$libinit$$00000019  c_w.l(libinit2.o)
    0x0800016c   0x0800016c   0x00000000   Code   RO         1280    .ARM.Collect$$libinit$$0000001B  c_w.l(libinit2.o)
    0x0800016c   0x0800016c   0x00000000   Code   RO         1282    .ARM.Collect$$libinit$$0000001D  c_w.l(libinit2.o)
    0x0800016c   0x0800016c   0x00000000   Code   RO         1284    .ARM.Collect$$libinit$$0000001F  c_w.l(libinit2.o)
    0x0800016c   0x0800016c   0x00000000   Code   RO         1286    .ARM.Collect$$libinit$$00000021  c_w.l(libinit2.o)
    0x0800016c   0x0800016c   0x00000000   Code   RO         1288    .ARM.Collect$$libinit$$00000023  c_w.l(libinit2.o)
    0x0800016c   0x0800016c   0x00000000   Code   RO         1290    .ARM.Collect$$libinit$$00000025  c_w.l(libinit2.o)
    0x0800016c   0x0800016c   0x00000000   Code   RO         1292    .ARM.Collect$$libinit$$00000027  c_w.l(libinit2.o)
    0x0800016c   0x0800016c   0x00000000   Code   RO         1296    .ARM.Collect$$libinit$$0000002E  c_w.l(libinit2.o)
    0x0800016c   0x0800016c   0x00000000   Code   RO         1298    .ARM.Collect$$libinit$$00000030  c_w.l(libinit2.o)
    0x0800016c   0x0800016c   0x00000000   Code   RO         1300    .ARM.Collect$$libinit$$00000032  c_w.l(libinit2.o)
    0x0800016c   0x0800016c   0x00000000   Code   RO         1302    .ARM.Collect$$libinit$$00000034  c_w.l(libinit2.o)
    0x0800016c   0x0800016c   0x00000002   Code   RO         1303    .ARM.Collect$$libinit$$00000035  c_w.l(libinit2.o)
    0x0800016e   0x0800016e   0x00000002   Code   RO         1327    .ARM.Collect$$libshutdown$$00000000  c_w.l(libshutdown.o)
    0x08000170   0x08000170   0x00000000   Code   RO         1342    .ARM.Collect$$libshutdown$$00000002  c_w.l(libshutdown2.o)
    0x08000170   0x08000170   0x00000000   Code   RO         1344    .ARM.Collect$$libshutdown$$00000004  c_w.l(libshutdown2.o)
    0x08000170   0x08000170   0x00000000   Code   RO         1347    .ARM.Collect$$libshutdown$$00000007  c_w.l(libshutdown2.o)
    0x08000170   0x08000170   0x00000000   Code   RO         1350    .ARM.Collect$$libshutdown$$0000000A  c_w.l(libshutdown2.o)
    0x08000170   0x08000170   0x00000000   Code   RO         1352    .ARM.Collect$$libshutdown$$0000000C  c_w.l(libshutdown2.o)
    0x08000170   0x08000170   0x00000000   Code   RO         1355    .ARM.Collect$$libshutdown$$0000000F  c_w.l(libshutdown2.o)
    0x08000170   0x08000170   0x00000002   Code   RO         1356    .ARM.Collect$$libshutdown$$00000010  c_w.l(libshutdown2.o)
    0x08000172   0x08000172   0x00000000   Code   RO         1078    .ARM.Collect$$rtentry$$00000000  c_w.l(__rtentry.o)
    0x08000172   0x08000172   0x00000000   Code   RO         1158    .ARM.Collect$$rtentry$$00000002  c_w.l(__rtentry2.o)
    0x08000172   0x08000172   0x00000006   Code   RO         1170    .ARM.Collect$$rtentry$$00000004  c_w.l(__rtentry4.o)
    0x08000178   0x08000178   0x00000000   Code   RO         1160    .ARM.Collect$$rtentry$$00000009  c_w.l(__rtentry2.o)
    0x08000178   0x08000178   0x00000004   Code   RO         1161    .ARM.Collect$$rtentry$$0000000A  c_w.l(__rtentry2.o)
    0x0800017c   0x0800017c   0x00000000   Code   RO         1163    .ARM.Collect$$rtentry$$0000000C  c_w.l(__rtentry2.o)
    0x0800017c   0x0800017c   0x00000008   Code   RO         1164    .ARM.Collect$$rtentry$$0000000D  c_w.l(__rtentry2.o)
    0x08000184   0x08000184   0x00000002   Code   RO         1250    .ARM.Collect$$rtexit$$00000000  c_w.l(rtexit.o)
    0x08000186   0x08000186   0x00000000   Code   RO         1305    .ARM.Collect$$rtexit$$00000002  c_w.l(rtexit2.o)
    0x08000186   0x08000186   0x00000004   Code   RO         1306    .ARM.Collect$$rtexit$$00000003  c_w.l(rtexit2.o)
    0x0800018a   0x0800018a   0x00000006   Code   RO         1307    .ARM.Collect$$rtexit$$00000004  c_w.l(rtexit2.o)
    0x08000190   0x08000190   0x00000040   Code   RO            4    .text               startup_stm32f103xb.o
    0x080001d0   0x080001d0   0x0000002c   Code   RO         1035    .text               c_w.l(__2sprintf.o)
    0x080001fc   0x080001fc   0x00000078   Code   RO         1041    .text               c_w.l(_printf_dec.o)
    0x08000274   0x08000274   0x00000188   Code   RO         1060    .text               c_w.l(__printf_flags_ss_wp.o)
    0x080003fc   0x080003fc   0x00000006   Code   RO         1074    .text               c_w.l(heapauxi.o)
    0x08000402   0x08000402   0x000000b2   Code   RO         1085    .text               c_w.l(_printf_intcommon.o)
    0x080004b4   0x080004b4   0x00000030   Code   RO         1089    .text               c_w.l(_printf_char_common.o)
    0x080004e4   0x080004e4   0x0000000a   Code   RO         1091    .text               c_w.l(_sputc.o)
    0x080004ee   0x080004ee   0x0000004a   Code   RO         1193    .text               c_w.l(sys_stackheap_outer.o)
    0x08000538   0x08000538   0x00000012   Code   RO         1234    .text               c_w.l(exit.o)
    0x0800054a   0x0800054a   0x00000002   PAD
    0x0800054c   0x0800054c   0x00000008   Code   RO         1247    .text               c_w.l(libspace.o)
    0x08000554   0x08000554   0x0000000c   Code   RO         1317    .text               c_w.l(sys_exit.o)
    0x08000560   0x08000560   0x00000002   Code   RO         1332    .text               c_w.l(use_no_semi.o)
    0x08000562   0x08000562   0x00000000   Code   RO         1334    .text               c_w.l(indicate_semi.o)
    0x08000562   0x08000562   0x00000002   PAD
    0x08000564   0x08000564   0x00000006   Code   RO           11    .text.BUTTON_Init   button.o
    0x0800056a   0x0800056a   0x00000002   PAD
    0x0800056c   0x0800056c   0x000000a8   Code   RO           13    .text.BUTTON_Read   button.o
    0x08000614   0x08000614   0x00000002   Code   RO          188    .text.BusFault_Handler  stm32f1xx_it.o
    0x08000616   0x08000616   0x00000002   PAD
    0x08000618   0x08000618   0x000000b8   Code   RO          164    .text.Button_Handle  main.o
    0x080006d0   0x080006d0   0x00000056   Code   RO           63    .text.CLCD_I2C_Clear  clcd_i2c.o
    0x08000726   0x08000726   0x00000002   PAD
    0x08000728   0x08000728   0x000002d0   Code   RO           55    .text.CLCD_I2C_Init  clcd_i2c.o
    0x080009f8   0x080009f8   0x0000008a   Code   RO           57    .text.CLCD_I2C_SetCursor  clcd_i2c.o
    0x08000a82   0x08000a82   0x00000002   PAD
    0x08000a84   0x08000a84   0x00000054   Code   RO           59    .text.CLCD_I2C_WriteChar  clcd_i2c.o
    0x08000ad8   0x08000ad8   0x00000074   Code   RO           61    .text.CLCD_I2C_WriteString  clcd_i2c.o
    0x08000b4c   0x08000b4c   0x00000002   Code   RO          194    .text.DebugMon_Handler  stm32f1xx_it.o
    0x08000b4e   0x08000b4e   0x00000002   PAD
    0x08000b50   0x08000b50   0x00000006   Code   RO          200    .text.EXTI4_IRQHandler  stm32f1xx_it.o
    0x08000b56   0x08000b56   0x00000002   PAD
    0x08000b58   0x08000b58   0x00000028   Code   RO          403    .text.HAL_Delay     stm32f1xx_hal.o
    0x08000b80   0x08000b80   0x0000000a   Code   RO          162    .text.HAL_GPIO_EXTI_Callback  main.o
    0x08000b8a   0x08000b8a   0x00000002   PAD
    0x08000b8c   0x08000b8c   0x00000016   Code   RO          507    .text.HAL_GPIO_EXTI_IRQHandler  stm32f1xx_hal_gpio.o
    0x08000ba2   0x08000ba2   0x00000002   PAD
    0x08000ba4   0x08000ba4   0x0000021a   Code   RO          495    .text.HAL_GPIO_Init  stm32f1xx_hal_gpio.o
    0x08000dbe   0x08000dbe   0x00000002   PAD
    0x08000dc0   0x08000dc0   0x0000000a   Code   RO          499    .text.HAL_GPIO_ReadPin  stm32f1xx_hal_gpio.o
    0x08000dca   0x08000dca   0x00000002   PAD
    0x08000dcc   0x08000dcc   0x0000000a   Code   RO          501    .text.HAL_GPIO_WritePin  stm32f1xx_hal_gpio.o
    0x08000dd6   0x08000dd6   0x00000002   PAD
    0x08000dd8   0x08000dd8   0x0000000c   Code   RO          395    .text.HAL_GetTick   stm32f1xx_hal.o
    0x08000de4   0x08000de4   0x00000176   Code   RO          245    .text.HAL_I2C_Init  stm32f1xx_hal_i2c.o
    0x08000f5a   0x08000f5a   0x00000002   PAD
    0x08000f5c   0x08000f5c   0x000001d4   Code   RO          253    .text.HAL_I2C_Master_Transmit  stm32f1xx_hal_i2c.o
    0x08001130   0x08001130   0x00000062   Code   RO          211    .text.HAL_I2C_MspInit  stm32f1xx_hal_msp.o
    0x08001192   0x08001192   0x00000002   PAD
    0x08001194   0x08001194   0x0000001a   Code   RO          393    .text.HAL_IncTick   stm32f1xx_hal.o
    0x080011ae   0x080011ae   0x00000002   PAD
    0x080011b0   0x080011b0   0x00000026   Code   RO          383    .text.HAL_Init      stm32f1xx_hal.o
    0x080011d6   0x080011d6   0x00000002   PAD
    0x080011d8   0x080011d8   0x00000048   Code   RO          385    .text.HAL_InitTick  stm32f1xx_hal.o
    0x08001220   0x08001220   0x00000042   Code   RO          209    .text.HAL_MspInit   stm32f1xx_hal_msp.o
    0x08001262   0x08001262   0x00000002   PAD
    0x08001264   0x08001264   0x00000026   Code   RO          555    .text.HAL_NVIC_EnableIRQ  stm32f1xx_hal_cortex.o
    0x0800128a   0x0800128a   0x00000002   PAD
    0x0800128c   0x0800128c   0x00000056   Code   RO          553    .text.HAL_NVIC_SetPriority  stm32f1xx_hal_cortex.o
    0x080012e2   0x080012e2   0x00000002   PAD
    0x080012e4   0x080012e4   0x00000020   Code   RO          551    .text.HAL_NVIC_SetPriorityGrouping  stm32f1xx_hal_cortex.o
    0x08001304   0x08001304   0x000001be   Code   RO          447    .text.HAL_RCC_ClockConfig  stm32f1xx_hal_rcc.o
    0x080014c2   0x080014c2   0x00000002   PAD
    0x080014c4   0x080014c4   0x00000026   Code   RO          459    .text.HAL_RCC_GetPCLK1Freq  stm32f1xx_hal_rcc.o
    0x080014ea   0x080014ea   0x00000002   PAD
    0x080014ec   0x080014ec   0x00000026   Code   RO          461    .text.HAL_RCC_GetPCLK2Freq  stm32f1xx_hal_rcc.o
    0x08001512   0x08001512   0x00000002   PAD
    0x08001514   0x08001514   0x000003b4   Code   RO          445    .text.HAL_RCC_OscConfig  stm32f1xx_hal_rcc.o
    0x080018c8   0x080018c8   0x000000ac   Code   RO          716    .text.HAL_SPI_Init  stm32f1xx_hal_spi.o
    0x08001974   0x08001974   0x0000007a   Code   RO          215    .text.HAL_SPI_MspInit  stm32f1xx_hal_msp.o
    0x080019ee   0x080019ee   0x00000002   PAD
    0x080019f0   0x080019f0   0x000002d0   Code   RO          728    .text.HAL_SPI_TransmitReceive  stm32f1xx_hal_spi.o
    0x08001cc0   0x08001cc0   0x0000002c   Code   RO          563    .text.HAL_SYSTICK_Config  stm32f1xx_hal_cortex.o
    0x08001cec   0x08001cec   0x000000e2   Code   RO          832    .text.HAL_UART_Init  stm32f1xx_hal_uart.o
    0x08001dce   0x08001dce   0x00000002   PAD
    0x08001dd0   0x08001dd0   0x0000007a   Code   RO          219    .text.HAL_UART_MspInit  stm32f1xx_hal_msp.o
    0x08001e4a   0x08001e4a   0x00000002   PAD
    0x08001e4c   0x08001e4c   0x00000002   Code   RO          184    .text.HardFault_Handler  stm32f1xx_it.o
    0x08001e4e   0x08001e4e   0x00000002   PAD
    0x08001e50   0x08001e50   0x000000be   Code   RO          259    .text.I2C_WaitOnBTFFlagUntilTimeout  stm32f1xx_hal_i2c.o
    0x08001f0e   0x08001f0e   0x00000002   PAD
    0x08001f10   0x08001f10   0x000001d2   Code   RO          255    .text.I2C_WaitOnFlagUntilTimeout  stm32f1xx_hal_i2c.o
    0x080020e2   0x080020e2   0x00000002   PAD
    0x080020e4   0x080020e4   0x000000e0   Code   RO          373    .text.I2C_WaitOnMasterAddressFlagUntilTimeout  stm32f1xx_hal_i2c.o
    0x080021c4   0x080021c4   0x000000be   Code   RO          257    .text.I2C_WaitOnTXEFlagUntilTimeout  stm32f1xx_hal_i2c.o
    0x08002282   0x08002282   0x00000002   PAD
    0x08002284   0x08002284   0x00000080   Code   RO          103    .text.MFRC522_CalculateCRC  rc522.o
    0x08002304   0x08002304   0x000000a6   Code   RO           89    .text.MFRC522_Check  rc522.o
    0x080023aa   0x080023aa   0x00000002   PAD
    0x080023ac   0x080023ac   0x0000007e   Code   RO           85    .text.MFRC522_Init  rc522.o
    0x0800242a   0x0800242a   0x00000002   PAD
    0x0800242c   0x0800242c   0x000000cc   Code   RO          101    .text.MFRC522_ReadRegister  rc522.o
    0x080024f8   0x080024f8   0x0000016e   Code   RO           99    .text.MFRC522_ToCard  rc522.o
    0x08002666   0x08002666   0x00000002   PAD
    0x08002668   0x08002668   0x000000d6   Code   RO           87    .text.MFRC522_WriteRegister  rc522.o
    0x0800273e   0x0800273e   0x00000002   PAD
    0x08002740   0x08002740   0x00000002   Code   RO          186    .text.MemManage_Handler  stm32f1xx_it.o
    0x08002742   0x08002742   0x00000002   PAD
    0x08002744   0x08002744   0x00000002   Code   RO          182    .text.NMI_Handler   stm32f1xx_it.o
    0x08002746   0x08002746   0x00000002   PAD
    0x08002748   0x08002748   0x00000002   Code   RO          196    .text.PendSV_Handler  stm32f1xx_it.o
    0x0800274a   0x0800274a   0x00000002   PAD
    0x0800274c   0x0800274c   0x000000e4   Code   RO          820    .text.SPI_WaitFlagStateUntilTimeout  stm32f1xx_hal_spi.o
    0x08002830   0x08002830   0x00000002   Code   RO          192    .text.SVC_Handler   stm32f1xx_it.o
    0x08002832   0x08002832   0x00000002   PAD
    0x08002834   0x08002834   0x00000004   Code   RO          198    .text.SysTick_Handler  stm32f1xx_it.o
    0x08002838   0x08002838   0x00000002   Code   RO          952    .text.SystemInit    system_stm32f1xx.o
    0x0800283a   0x0800283a   0x00000002   PAD
    0x0800283c   0x0800283c   0x00000258   Code   RO           37    .text.Tag_Bill_Display  tag_display.o
    0x08002a94   0x08002a94   0x000000ba   Code   RO           29    .text.Tag_Checkout_Display  tag_display.o
    0x08002b4e   0x08002b4e   0x00000002   PAD
    0x08002b50   0x08002b50   0x0000001a   Code   RO           39    .text.Tag_Clear     tag_display.o
    0x08002b6a   0x08002b6a   0x00000002   PAD
    0x08002b6c   0x08002b6c   0x000001f2   Code   RO          137    .text.Tag_Convert_Bill  tagid.o
    0x08002d5e   0x08002d5e   0x00000002   PAD
    0x08002d60   0x08002d60   0x0000000e   Code   RO          123    .text.Tag_Convert_Item  tagid.o
    0x08002d6e   0x08002d6e   0x00000002   PAD
    0x08002d70   0x08002d70   0x00000098   Code   RO           41    .text.Tag_Cusor_Display  tag_display.o
    0x08002e08   0x08002e08   0x0000014c   Code   RO           33    .text.Tag_Discount_Display  tag_display.o
    0x08002f54   0x08002f54   0x00000024   Code   RO           25    .text.Tag_Display_Init  tag_display.o
    0x08002f78   0x08002f78   0x0000017c   Code   RO          133    .text.Tag_Handle_Item  tagid.o
    0x080030f4   0x080030f4   0x0000001e   Code   RO          121    .text.Tag_Init      tagid.o
    0x08003112   0x08003112   0x00000002   PAD
    0x08003114   0x08003114   0x00000080   Code   RO           27    .text.Tag_Menu_Display  tag_display.o
    0x08003194   0x08003194   0x0000001a   Code   RO          125    .text.Tag_Read_Item  tagid.o
    0x080031ae   0x080031ae   0x00000002   PAD
    0x080031b0   0x080031b0   0x00000002   Code   RO          190    .text.UsageFault_Handler  stm32f1xx_it.o
    0x080031b2   0x080031b2   0x00000002   PAD
    0x080031b4   0x080031b4   0x000002e6   Code   RO          148    .text.main          main.o
    0x0800349a   0x0800349a   0x0000000e   Code   RO         1053    i._is_digit         c_w.l(__printf_wp.o)
    0x080034a8   0x080034a8   0x00000011   Data   RO         1061    .constdata          c_w.l(__printf_flags_ss_wp.o)
    0x080034b9   0x080034b9   0x00000010   Data   RO          957    .rodata.AHBPrescTable  system_stm32f1xx.o
    0x080034c9   0x080034c9   0x00000008   Data   RO          958    .rodata.APBPrescTable  system_stm32f1xx.o
    0x080034d1   0x080034d1   0x00000002   Data   RO          472    .rodata.HAL_RCC_GetSysClockFreq.aPredivFactorTable  stm32f1xx_hal_rcc.o
    0x080034d3   0x080034d3   0x00000010   Data   RO          471    .rodata.cst16       stm32f1xx_hal_rcc.o
    0x080034e3   0x080034e3   0x00000027   Data   RO           45    .rodata.str1.1      tag_display.o
    0x0800350a   0x0800350a   0x00000002   PAD
    0x0800350c   0x0800350c   0x00000020   Data   RO         1390    Region$$Table       anon$$obj.o


    Execution Region RW_IRAM1 (Exec base: 0x20000000, Load base: 0x08003530, Size: 0x000009b0, Max: 0x00005000, ABSOLUTE)

    Exec Addr    Load Addr    Size         Type   Attr      Idx    E Section Name        Object

    0x20000000   0x08003530   0x00000003   Data   RW          172    .data..L_MergedGlobals  main.o
    0x20000003   0x08003533   0x00000001   PAD
    0x20000004   0x08003534   0x00000008   Data   RW          434    .data..L_MergedGlobals  stm32f1xx_hal.o
    0x2000000c   0x0800353c   0x00000004   Data   RW          956    .data.SystemCoreClock  system_stm32f1xx.o
    0x20000010        -       0x00000060   Zero   RW         1248    .bss                c_w.l(libspace.o)
    0x20000070        -       0x00000010   Zero   RW           46    .bss..L_MergedGlobals  tag_display.o
    0x20000080        -       0x00000020   Zero   RW          139    .bss..L_MergedGlobals  tagid.o
    0x200000a0        -       0x0000006c   Zero   RW          173    .bss..L_MergedGlobals.1  main.o
    0x2000010c        -       0x00000064   Zero   RW          170    .bss.bill           main.o
    0x20000170        -       0x00000054   Zero   RW          168    .bss.hi2c1          main.o
    0x200001c4        -       0x00000058   Zero   RW          167    .bss.hspi2          main.o
    0x2000021c        -       0x00000190   Zero   RW          169    .bss.list           main.o
    0x200003ac        -       0x00000004   Zero   RW          433    .bss.uwTick         stm32f1xx_hal.o
    0x200003b0        -       0x00000200   Zero   RW            2    HEAP                startup_stm32f103xb.o
    0x200005b0        -       0x00000400   Zero   RW            1    STACK               startup_stm32f103xb.o


==============================================================================

Image component sizes


      Code (inc. data)   RO Data    RW Data    ZI Data      Debug   Object Name

       174          0          0          0          0       2037   button.o
      1144          4          0          0          0      12606   clcd_i2c.o
       936          6          0          3        780      11456   main.o
      1204          0          0          0          0      13304   rc522.o
        64         26        236          0       1536        792   startup_stm32f103xb.o
       188          0          0          8          4       5738   stm32f1xx_hal.o
       200          0          0          0          0       8496   stm32f1xx_hal_cortex.o
       580         22          0          0          0       4566   stm32f1xx_hal_gpio.o
      1912          0          0          0          0      42548   stm32f1xx_hal_i2c.o
       408          0          0          0          0       7666   stm32f1xx_hal_msp.o
      1470          0         18          0          0       7668   stm32f1xx_hal_rcc.o
      1120          0          0          0          0      24542   stm32f1xx_hal_spi.o
       226          0          0          0          0      32327   stm32f1xx_hal_uart.o
        26          0          0          0          0       1456   stm32f1xx_it.o
         2          0         24          4          0       1618   system_stm32f1xx.o
      1460        194         39          0         16       8326   tag_display.o
       948          0          0          0         32       8478   tagid.o

    ----------------------------------------------------------------------
     12150        252        351         16       2368     193624   Object Totals
         0          0         32          0          0          0   (incl. Generated)
        88          0          2          1          0          0   (incl. Padding)

    ----------------------------------------------------------------------

      Code (inc. data)   RO Data    RW Data    ZI Data      Debug   Library Member Name

        44          6          0          0          0         84   __2sprintf.o
         8          0          0          0          0         68   __main.o
       392          4         17          0          0         92   __printf_flags_ss_wp.o
        14          0          0          0          0         68   __printf_wp.o
         0          0          0          0          0          0   __rtentry.o
        12          0          0          0          0          0   __rtentry2.o
         6          0          0          0          0          0   __rtentry4.o
        52          8          0          0          0          0   __scatter.o
        26          0          0          0          0          0   __scatter_copy.o
        28          0          0          0          0          0   __scatter_zi.o
        48          6          0          0          0         96   _printf_char_common.o
       120         16          0          0          0         92   _printf_dec.o
       178          0          0          0          0         88   _printf_intcommon.o
         0          0          0          0          0          0   _printf_percent.o
         4          0          0          0          0          0   _printf_percent_end.o
         6          0          0          0          0          0   _printf_u.o
        10          0          0          0          0         68   _sputc.o
        18          0          0          0          0         80   exit.o
         6          0          0          0          0        152   heapauxi.o
         0          0          0          0          0          0   indicate_semi.o
         2          0          0          0          0          0   libinit.o
         2          0          0          0          0          0   libinit2.o
         2          0          0          0          0          0   libshutdown.o
         2          0          0          0          0          0   libshutdown2.o
         8          4          0          0         96         68   libspace.o
         2          0          0          0          0          0   rtexit.o
        10          0          0          0          0          0   rtexit2.o
        12          4          0          0          0         68   sys_exit.o
        74          0          0          0          0         80   sys_stackheap_outer.o
         2          0          0          0          0         68   use_no_semi.o

    ----------------------------------------------------------------------
      1094         48         17          0         96       1172   Library Totals
         6          0          0          0          0          0   (incl. Padding)

    ----------------------------------------------------------------------

      Code (inc. data)   RO Data    RW Data    ZI Data      Debug   Library Name

      1088         48         17          0         96       1172   c_w.l

    ----------------------------------------------------------------------
      1094         48         17          0         96       1172   Library Totals

    ----------------------------------------------------------------------

==============================================================================


      Code (inc. data)   RO Data    RW Data    ZI Data      Debug   

     13244        300        368         16       2464     194024   Grand Totals
     13244        300        368         16       2464     194024   ELF Image Totals
     13244        300        368         16          0          0   ROM Totals

==============================================================================

    Total RO  Size (Code + RO Data)                13612 (  13.29kB)
    Total RW  Size (RW Data + ZI Data)              2480 (   2.42kB)
    Total ROM Size (Code + RO Data + RW Data)      13628 (  13.31kB)

==============================================================================

